-- The C compiler identification is GNU 11.4.0
-- The CXX compiler identification is GNU 11.4.0
-- Detecting C compiler ABI info
-- Detecting C compiler ABI info - done
-- Check for working C compiler: /usr/lib/ccache/gcc - skipped
-- Detecting C compile features
-- Detecting C compile features - done
-- Detecting CXX compiler ABI info
-- Detecting CXX compiler ABI info - done
-- Check for working CXX compiler: /usr/lib/ccache/g++ - skipped
-- Detecting CXX compile features
-- Detecting CXX compile features - done
-- Found ament_cmake: 1.3.13 (/opt/ros/humble/share/ament_cmake/cmake)
-- Found Python3: /usr/bin/python3 (found version "3.10.12") found components: Interpreter 
-- Found rclcpp: 16.0.18 (/opt/ros/humble/share/rclcpp/cmake)
-- Found rosidl_generator_c: 3.1.8 (/opt/ros/humble/share/rosidl_generator_c/cmake)
-- Found rosidl_adapter: 3.1.8 (/opt/ros/humble/share/rosidl_adapter/cmake)
-- Found rosidl_generator_cpp: 3.1.8 (/opt/ros/humble/share/rosidl_generator_cpp/cmake)
-- Using all available rosidl_typesupport_c: rosidl_typesupport_fastrtps_c;rosidl_typesupport_introspection_c
-- Using all available rosidl_typesupport_cpp: rosidl_typesupport_fastrtps_cpp;rosidl_typesupport_introspection_cpp
-- Found rmw_implementation_cmake: 6.1.2 (/opt/ros/humble/share/rmw_implementation_cmake/cmake)
-- Found rmw_cyclonedds_cpp: 1.3.4 (/opt/ros/humble/share/rmw_cyclonedds_cpp/cmake)
-- Using RMW implementation 'rmw_cyclonedds_cpp' as default
-- Looking for pthread.h
-- Looking for pthread.h - found
-- Performing Test CMAKE_HAVE_LIBC_PTHREAD
-- Performing Test CMAKE_HAVE_LIBC_PTHREAD - Success
-- Found Threads: TRUE  
-- Found nav_msgs: 4.9.1 (/opt/ros/humble/share/nav_msgs/cmake)
-- Found visualization_msgs: 4.9.1 (/opt/ros/humble/share/visualization_msgs/cmake)
-- Found std_srvs: 4.9.1 (/opt/ros/humble/share/std_srvs/cmake)
-- Configuring done
-- Generating done
-- Build files have been written to: /home/muhaliugur/gpsurus/build/gpspackage
[ 16%] [32mBuilding CXX object CMakeFiles/gps_node.dir/src/gps_subscriber.cpp.o[0m
[ 33%] [32mBuilding CXX object CMakeFiles/pure_pursuit_node.dir/src/pure_pursuit.cpp.o[0m
[ 50%] [32mBuilding CXX object CMakeFiles/teensy_comm_node.dir/src/teensy_comm.cpp.o[0m
[ 66%] [32m[1mLinking CXX executable gps_node[0m
[100%] [32m[1mLinking CXX executable teensy_comm_node[0m
[100%] [32m[1mLinking CXX executable pure_pursuit_node[0m
[100%] Built target gps_node
[100%] Built target teensy_comm_node
[100%] Built target pure_pursuit_node
-- Install configuration: ""
-- Installing: /home/muhaliugur/gpsurus/install/gpspackage/lib/gpspackage/gps_node
-- Set runtime path of "/home/muhaliugur/gpsurus/install/gpspackage/lib/gpspackage/gps_node" to ""
-- Installing: /home/muhaliugur/gpsurus/install/gpspackage/lib/gpspackage/pure_pursuit_node
-- Set runtime path of "/home/muhaliugur/gpsurus/install/gpspackage/lib/gpspackage/pure_pursuit_node" to ""
-- Installing: /home/muhaliugur/gpsurus/install/gpspackage/lib/gpspackage/teensy_comm_node
-- Set runtime path of "/home/muhaliugur/gpsurus/install/gpspackage/lib/gpspackage/teensy_comm_node" to ""
-- Installing: /home/muhaliugur/gpsurus/install/gpspackage/share/gpspackage/launch
-- Installing: /home/muhaliugur/gpsurus/install/gpspackage/share/gpspackage/launch/localization.launch.py
-- Installing: /home/muhaliugur/gpsurus/install/gpspackage/share/gpspackage/config
-- Installing: /home/muhaliugur/gpsurus/install/gpspackage/share/gpspackage/config/rota.qmd
-- Installing: /home/muhaliugur/gpsurus/install/gpspackage/share/gpspackage/config/ekf.yaml
-- Installing: /home/muhaliugur/gpsurus/install/gpspackage/share/gpspackage/config/rota.csv
-- Installing: /home/muhaliugur/gpsurus/install/gpspackage/share/ament_index/resource_index/package_run_dependencies/gpspackage
-- Installing: /home/muhaliugur/gpsurus/install/gpspackage/share/ament_index/resource_index/parent_prefix_path/gpspackage
-- Installing: /home/muhaliugur/gpsurus/install/gpspackage/share/gpspackage/environment/ament_prefix_path.sh
-- Installing: /home/muhaliugur/gpsurus/install/gpspackage/share/gpspackage/environment/ament_prefix_path.dsv
-- Installing: /home/muhaliugur/gpsurus/install/gpspackage/share/gpspackage/environment/path.sh
-- Installing: /home/muhaliugur/gpsurus/install/gpspackage/share/gpspackage/environment/path.dsv
-- Installing: /home/muhaliugur/gpsurus/install/gpspackage/share/gpspackage/local_setup.bash
-- Installing: /home/muhaliugur/gpsurus/install/gpspackage/share/gpspackage/local_setup.sh
-- Installing: /home/muhaliugur/gpsurus/install/gpspackage/share/gpspackage/local_setup.zsh
-- Installing: /home/muhaliugur/gpsurus/install/gpspackage/share/gpspackage/local_setup.dsv
-- Installing: /home/muhaliugur/gpsurus/install/gpspackage/share/gpspackage/package.dsv
-- Installing: /home/muhaliugur/gpsurus/install/gpspackage/share/ament_index/resource_index/packages/gpspackage
-- Installing: /home/muhaliugur/gpsurus/install/gpspackage/share/gpspackage/cmake/gpspackageConfig.cmake
-- Installing: /home/muhaliugur/gpsurus/install/gpspackage/share/gpspackage/cmake/gpspackageConfig-version.cmake
-- Installing: /home/muhaliugur/gpsurus/install/gpspackage/share/gpspackage/package.xml
