[0.072s] DEBUG:colcon:Command line arguments: ['/usr/bin/colcon', 'build']
[0.072s] DEBUG:colcon:Parsed command line arguments: Namespace(log_base=None, log_level=None, verb_name='build', build_base='build', install_base='install', merge_install=False, symlink_install=False, test_result_base=None, continue_on_error=False, executor='parallel', parallel_workers=32, event_handlers=None, ignore_user_meta=False, metas=['./colcon.meta'], base_paths=['.'], packages_ignore=None, packages_ignore_regex=None, paths=None, packages_up_to=None, packages_up_to_regex=None, packages_above=None, packages_above_and_dependencies=None, packages_above_depth=None, packages_select_by_dep=None, packages_skip_by_dep=None, packages_skip_up_to=None, packages_select_build_failed=False, packages_skip_build_finished=False, packages_select_test_failures=False, packages_skip_test_passed=False, packages_select=None, packages_skip=None, packages_select_regex=None, packages_skip_regex=None, packages_start=None, packages_end=None, allow_overriding=[], cmake_args=None, cmake_target=None, cmake_target_skip_unavailable=False, cmake_clean_cache=False, cmake_clean_first=False, cmake_force_configure=False, ament_cmake_args=None, catkin_cmake_args=None, catkin_skip_building_tests=False, mixin_files=None, mixin=None, verb_parser=<colcon_mixin.mixin.mixin_argument.MixinArgumentDecorator object at 0x7b856a94f070>, verb_extension=<colcon_core.verb.build.BuildVerb object at 0x7b856aa4bf70>, main=<bound method BuildVerb.main of <colcon_core.verb.build.BuildVerb object at 0x7b856aa4bf70>>, mixin_verb=('build',))
[0.195s] Level 1:colcon.colcon_core.package_discovery:discover_packages(colcon_meta) check parameters
[0.195s] Level 1:colcon.colcon_core.package_discovery:discover_packages(recursive) check parameters
[0.195s] Level 1:colcon.colcon_core.package_discovery:discover_packages(ignore) check parameters
[0.195s] Level 1:colcon.colcon_core.package_discovery:discover_packages(path) check parameters
[0.195s] Level 1:colcon.colcon_core.package_discovery:discover_packages(colcon_meta) discover
[0.195s] Level 1:colcon.colcon_core.package_discovery:discover_packages(recursive) discover
[0.195s] INFO:colcon.colcon_core.package_discovery:Crawling recursively for packages in '/home/muhaliugur/gpsurus'
[0.195s] Level 1:colcon.colcon_core.package_identification:_identify(.) by extensions ['ignore', 'ignore_ament_install']
[0.195s] Level 1:colcon.colcon_core.package_identification:_identify(.) by extension 'ignore'
[0.195s] Level 1:colcon.colcon_core.package_identification:_identify(.) by extension 'ignore_ament_install'
[0.195s] Level 1:colcon.colcon_core.package_identification:_identify(.) by extensions ['colcon_pkg']
[0.195s] Level 1:colcon.colcon_core.package_identification:_identify(.) by extension 'colcon_pkg'
[0.195s] Level 1:colcon.colcon_core.package_identification:_identify(.) by extensions ['colcon_meta']
[0.195s] Level 1:colcon.colcon_core.package_identification:_identify(.) by extension 'colcon_meta'
[0.195s] Level 1:colcon.colcon_core.package_identification:_identify(.) by extensions ['ros']
[0.195s] Level 1:colcon.colcon_core.package_identification:_identify(.) by extension 'ros'
[0.205s] Level 1:colcon.colcon_core.package_identification:_identify(.) by extensions ['cmake', 'python']
[0.205s] Level 1:colcon.colcon_core.package_identification:_identify(.) by extension 'cmake'
[0.205s] Level 1:colcon.colcon_core.package_identification:_identify(.) by extension 'python'
[0.205s] Level 1:colcon.colcon_core.package_identification:_identify(.) by extensions ['python_setup_py']
[0.205s] Level 1:colcon.colcon_core.package_identification:_identify(.) by extension 'python_setup_py'
[0.205s] Level 1:colcon.colcon_core.package_identification:_identify(build) by extensions ['ignore', 'ignore_ament_install']
[0.205s] Level 1:colcon.colcon_core.package_identification:_identify(build) by extension 'ignore'
[0.205s] Level 1:colcon.colcon_core.package_identification:_identify(build) ignored
[0.205s] Level 1:colcon.colcon_core.package_identification:_identify(install) by extensions ['ignore', 'ignore_ament_install']
[0.205s] Level 1:colcon.colcon_core.package_identification:_identify(install) by extension 'ignore'
[0.205s] Level 1:colcon.colcon_core.package_identification:_identify(install) ignored
[0.205s] Level 1:colcon.colcon_core.package_identification:_identify(log) by extensions ['ignore', 'ignore_ament_install']
[0.205s] Level 1:colcon.colcon_core.package_identification:_identify(log) by extension 'ignore'
[0.205s] Level 1:colcon.colcon_core.package_identification:_identify(log) ignored
[0.205s] Level 1:colcon.colcon_core.package_identification:_identify(src) by extensions ['ignore', 'ignore_ament_install']
[0.205s] Level 1:colcon.colcon_core.package_identification:_identify(src) by extension 'ignore'
[0.205s] Level 1:colcon.colcon_core.package_identification:_identify(src) by extension 'ignore_ament_install'
[0.205s] Level 1:colcon.colcon_core.package_identification:_identify(src) by extensions ['colcon_pkg']
[0.205s] Level 1:colcon.colcon_core.package_identification:_identify(src) by extension 'colcon_pkg'
[0.205s] Level 1:colcon.colcon_core.package_identification:_identify(src) by extensions ['colcon_meta']
[0.205s] Level 1:colcon.colcon_core.package_identification:_identify(src) by extension 'colcon_meta'
[0.205s] Level 1:colcon.colcon_core.package_identification:_identify(src) by extensions ['ros']
[0.205s] Level 1:colcon.colcon_core.package_identification:_identify(src) by extension 'ros'
[0.206s] Level 1:colcon.colcon_core.package_identification:_identify(src) by extensions ['cmake', 'python']
[0.206s] Level 1:colcon.colcon_core.package_identification:_identify(src) by extension 'cmake'
[0.206s] Level 1:colcon.colcon_core.package_identification:_identify(src) by extension 'python'
[0.206s] Level 1:colcon.colcon_core.package_identification:_identify(src) by extensions ['python_setup_py']
[0.206s] Level 1:colcon.colcon_core.package_identification:_identify(src) by extension 'python_setup_py'
[0.206s] Level 1:colcon.colcon_core.package_identification:_identify(src/gpspackage) by extensions ['ignore', 'ignore_ament_install']
[0.206s] Level 1:colcon.colcon_core.package_identification:_identify(src/gpspackage) by extension 'ignore'
[0.206s] Level 1:colcon.colcon_core.package_identification:_identify(src/gpspackage) by extension 'ignore_ament_install'
[0.206s] Level 1:colcon.colcon_core.package_identification:_identify(src/gpspackage) by extensions ['colcon_pkg']
[0.206s] Level 1:colcon.colcon_core.package_identification:_identify(src/gpspackage) by extension 'colcon_pkg'
[0.206s] Level 1:colcon.colcon_core.package_identification:_identify(src/gpspackage) by extensions ['colcon_meta']
[0.206s] Level 1:colcon.colcon_core.package_identification:_identify(src/gpspackage) by extension 'colcon_meta'
[0.206s] Level 1:colcon.colcon_core.package_identification:_identify(src/gpspackage) by extensions ['ros']
[0.206s] Level 1:colcon.colcon_core.package_identification:_identify(src/gpspackage) by extension 'ros'
[0.207s] DEBUG:colcon.colcon_core.package_identification:Package 'src/gpspackage' with type 'ros.ament_cmake' and name 'gpspackage'
[0.207s] Level 1:colcon.colcon_core.package_discovery:discover_packages(recursive) using defaults
[0.207s] Level 1:colcon.colcon_core.package_discovery:discover_packages(ignore) discover
[0.207s] Level 1:colcon.colcon_core.package_discovery:discover_packages(ignore) using defaults
[0.207s] Level 1:colcon.colcon_core.package_discovery:discover_packages(path) discover
[0.207s] Level 1:colcon.colcon_core.package_discovery:discover_packages(path) using defaults
[0.220s] Level 1:colcon.colcon_core.package_discovery:discover_packages(prefix_path) check parameters
[0.220s] Level 1:colcon.colcon_core.package_discovery:discover_packages(prefix_path) discover
[0.222s] DEBUG:colcon.colcon_installed_package_information.package_discovery:Found 362 installed packages in /opt/ros/humble
[0.222s] Level 1:colcon.colcon_core.package_discovery:discover_packages(prefix_path) using defaults
[0.240s] Level 5:colcon.colcon_core.verb:set package 'gpspackage' build argument 'cmake_args' from command line to 'None'
[0.240s] Level 5:colcon.colcon_core.verb:set package 'gpspackage' build argument 'cmake_target' from command line to 'None'
[0.240s] Level 5:colcon.colcon_core.verb:set package 'gpspackage' build argument 'cmake_target_skip_unavailable' from command line to 'False'
[0.240s] Level 5:colcon.colcon_core.verb:set package 'gpspackage' build argument 'cmake_clean_cache' from command line to 'False'
[0.240s] Level 5:colcon.colcon_core.verb:set package 'gpspackage' build argument 'cmake_clean_first' from command line to 'False'
[0.240s] Level 5:colcon.colcon_core.verb:set package 'gpspackage' build argument 'cmake_force_configure' from command line to 'False'
[0.240s] Level 5:colcon.colcon_core.verb:set package 'gpspackage' build argument 'ament_cmake_args' from command line to 'None'
[0.240s] Level 5:colcon.colcon_core.verb:set package 'gpspackage' build argument 'catkin_cmake_args' from command line to 'None'
[0.240s] Level 5:colcon.colcon_core.verb:set package 'gpspackage' build argument 'catkin_skip_building_tests' from command line to 'False'
[0.240s] DEBUG:colcon.colcon_core.verb:Building package 'gpspackage' with the following arguments: {'ament_cmake_args': None, 'build_base': '/home/muhaliugur/gpsurus/build/gpspackage', 'catkin_cmake_args': None, 'catkin_skip_building_tests': False, 'cmake_args': None, 'cmake_clean_cache': False, 'cmake_clean_first': False, 'cmake_force_configure': False, 'cmake_target': None, 'cmake_target_skip_unavailable': False, 'install_base': '/home/muhaliugur/gpsurus/install/gpspackage', 'merge_install': False, 'path': '/home/muhaliugur/gpsurus/src/gpspackage', 'symlink_install': False, 'test_result_base': None}
[0.240s] INFO:colcon.colcon_core.executor:Executing jobs using 'parallel' executor
[0.241s] DEBUG:colcon.colcon_parallel_executor.executor.parallel:run_until_complete
[0.241s] INFO:colcon.colcon_ros.task.ament_cmake.build:Building ROS package in '/home/muhaliugur/gpsurus/src/gpspackage' with build type 'ament_cmake'
[0.241s] INFO:colcon.colcon_cmake.task.cmake.build:Building CMake package in '/home/muhaliugur/gpsurus/src/gpspackage'
[0.243s] INFO:colcon.colcon_core.plugin_system:Skipping extension 'colcon_core.shell.bat': Not used on non-Windows systems
[0.244s] INFO:colcon.colcon_core.shell:Skip shell extension 'powershell' for command environment: Not usable outside of PowerShell
[0.244s] DEBUG:colcon.colcon_core.shell:Skip shell extension 'dsv' for command environment
[0.249s] DEBUG:colcon.colcon_core.event_handler.log_command:Invoking command in '/home/muhaliugur/gpsurus/build/gpspackage': CMAKE_PREFIX_PATH=/opt/ros/humble /usr/bin/cmake --build /home/muhaliugur/gpsurus/build/gpspackage -- -j32 -l32
[6.714s] DEBUG:colcon.colcon_core.event_handler.log_command:Invoked command in '/home/muhaliugur/gpsurus/build/gpspackage' returned '0': CMAKE_PREFIX_PATH=/opt/ros/humble /usr/bin/cmake --build /home/muhaliugur/gpsurus/build/gpspackage -- -j32 -l32
[6.723s] DEBUG:colcon.colcon_core.event_handler.log_command:Invoking command in '/home/muhaliugur/gpsurus/build/gpspackage': CMAKE_PREFIX_PATH=/opt/ros/humble /usr/bin/cmake --install /home/muhaliugur/gpsurus/build/gpspackage
[6.741s] Level 1:colcon.colcon_core.environment:create_environment_scripts_only(gpspackage)
[6.742s] DEBUG:colcon.colcon_core.event_handler.log_command:Invoked command in '/home/muhaliugur/gpsurus/build/gpspackage' returned '0': CMAKE_PREFIX_PATH=/opt/ros/humble /usr/bin/cmake --install /home/muhaliugur/gpsurus/build/gpspackage
[6.745s] Level 1:colcon.colcon_core.environment:checking '/home/muhaliugur/gpsurus/install/gpspackage' for CMake module files
[6.746s] Level 1:colcon.colcon_core.environment:checking '/home/muhaliugur/gpsurus/install/gpspackage' for CMake config files
[6.746s] Level 1:colcon.colcon_core.shell:create_environment_hook('gpspackage', 'cmake_prefix_path')
[6.746s] INFO:colcon.colcon_core.shell:Creating environment hook '/home/muhaliugur/gpsurus/install/gpspackage/share/gpspackage/hook/cmake_prefix_path.ps1'
[6.747s] INFO:colcon.colcon_core.shell:Creating environment descriptor '/home/muhaliugur/gpsurus/install/gpspackage/share/gpspackage/hook/cmake_prefix_path.dsv'
[6.747s] INFO:colcon.colcon_core.shell:Creating environment hook '/home/muhaliugur/gpsurus/install/gpspackage/share/gpspackage/hook/cmake_prefix_path.sh'
[6.748s] Level 1:colcon.colcon_core.environment:checking '/home/muhaliugur/gpsurus/install/gpspackage/lib'
[6.748s] Level 1:colcon.colcon_core.environment:checking '/home/muhaliugur/gpsurus/install/gpspackage/bin'
[6.748s] Level 1:colcon.colcon_core.environment:checking '/home/muhaliugur/gpsurus/install/gpspackage/lib/pkgconfig/gpspackage.pc'
[6.749s] Level 1:colcon.colcon_core.environment:checking '/home/muhaliugur/gpsurus/install/gpspackage/lib/python3.10/site-packages'
[6.749s] Level 1:colcon.colcon_core.environment:checking '/home/muhaliugur/gpsurus/install/gpspackage/bin'
[6.749s] INFO:colcon.colcon_core.shell:Creating package script '/home/muhaliugur/gpsurus/install/gpspackage/share/gpspackage/package.ps1'
[6.750s] INFO:colcon.colcon_core.shell:Creating package descriptor '/home/muhaliugur/gpsurus/install/gpspackage/share/gpspackage/package.dsv'
[6.750s] INFO:colcon.colcon_core.shell:Creating package script '/home/muhaliugur/gpsurus/install/gpspackage/share/gpspackage/package.sh'
[6.751s] INFO:colcon.colcon_core.shell:Creating package script '/home/muhaliugur/gpsurus/install/gpspackage/share/gpspackage/package.bash'
[6.752s] INFO:colcon.colcon_core.shell:Creating package script '/home/muhaliugur/gpsurus/install/gpspackage/share/gpspackage/package.zsh'
[6.753s] Level 1:colcon.colcon_core.environment:create_file_with_runtime_dependencies(/home/muhaliugur/gpsurus/install/gpspackage/share/colcon-core/packages/gpspackage)
[6.753s] Level 1:colcon.colcon_core.environment:create_environment_scripts_only(gpspackage)
[6.753s] Level 1:colcon.colcon_core.environment:checking '/home/muhaliugur/gpsurus/install/gpspackage' for CMake module files
[6.754s] Level 1:colcon.colcon_core.environment:checking '/home/muhaliugur/gpsurus/install/gpspackage' for CMake config files
[6.754s] Level 1:colcon.colcon_core.shell:create_environment_hook('gpspackage', 'cmake_prefix_path')
[6.754s] INFO:colcon.colcon_core.shell:Creating environment hook '/home/muhaliugur/gpsurus/install/gpspackage/share/gpspackage/hook/cmake_prefix_path.ps1'
[6.754s] INFO:colcon.colcon_core.shell:Creating environment descriptor '/home/muhaliugur/gpsurus/install/gpspackage/share/gpspackage/hook/cmake_prefix_path.dsv'
[6.754s] INFO:colcon.colcon_core.shell:Creating environment hook '/home/muhaliugur/gpsurus/install/gpspackage/share/gpspackage/hook/cmake_prefix_path.sh'
[6.754s] Level 1:colcon.colcon_core.environment:checking '/home/muhaliugur/gpsurus/install/gpspackage/lib'
[6.755s] Level 1:colcon.colcon_core.environment:checking '/home/muhaliugur/gpsurus/install/gpspackage/bin'
[6.755s] Level 1:colcon.colcon_core.environment:checking '/home/muhaliugur/gpsurus/install/gpspackage/lib/pkgconfig/gpspackage.pc'
[6.755s] Level 1:colcon.colcon_core.environment:checking '/home/muhaliugur/gpsurus/install/gpspackage/lib/python3.10/site-packages'
[6.755s] Level 1:colcon.colcon_core.environment:checking '/home/muhaliugur/gpsurus/install/gpspackage/bin'
[6.755s] INFO:colcon.colcon_core.shell:Creating package script '/home/muhaliugur/gpsurus/install/gpspackage/share/gpspackage/package.ps1'
[6.755s] INFO:colcon.colcon_core.shell:Creating package descriptor '/home/muhaliugur/gpsurus/install/gpspackage/share/gpspackage/package.dsv'
[6.755s] INFO:colcon.colcon_core.shell:Creating package script '/home/muhaliugur/gpsurus/install/gpspackage/share/gpspackage/package.sh'
[6.756s] INFO:colcon.colcon_core.shell:Creating package script '/home/muhaliugur/gpsurus/install/gpspackage/share/gpspackage/package.bash'
[6.756s] INFO:colcon.colcon_core.shell:Creating package script '/home/muhaliugur/gpsurus/install/gpspackage/share/gpspackage/package.zsh'
[6.756s] Level 1:colcon.colcon_core.environment:create_file_with_runtime_dependencies(/home/muhaliugur/gpsurus/install/gpspackage/share/colcon-core/packages/gpspackage)
[6.756s] DEBUG:colcon.colcon_parallel_executor.executor.parallel:closing loop
[6.756s] DEBUG:colcon.colcon_parallel_executor.executor.parallel:loop closed
[6.756s] DEBUG:colcon.colcon_parallel_executor.executor.parallel:run_until_complete finished with '0'
[6.756s] DEBUG:colcon.colcon_core.event_reactor:joining thread
[6.760s] INFO:colcon.colcon_core.plugin_system:Skipping extension 'colcon_notification.desktop_notification.notify_send': Could not find 'notify-send'
[6.760s] INFO:colcon.colcon_core.plugin_system:Skipping extension 'colcon_notification.desktop_notification.terminal_notifier': Not used on non-Darwin systems
[6.760s] INFO:colcon.colcon_core.plugin_system:Skipping extension 'colcon_notification.desktop_notification.win32': Not used on non-Windows systems
[6.760s] INFO:colcon.colcon_notification.desktop_notification:Sending desktop notification using 'notify2'
[6.777s] DEBUG:colcon.colcon_core.event_reactor:joined thread
[6.777s] INFO:colcon.colcon_core.shell:Creating prefix script '/home/muhaliugur/gpsurus/install/local_setup.ps1'
[6.778s] INFO:colcon.colcon_core.shell:Creating prefix util module '/home/muhaliugur/gpsurus/install/_local_setup_util_ps1.py'
[6.779s] INFO:colcon.colcon_core.shell:Creating prefix chain script '/home/muhaliugur/gpsurus/install/setup.ps1'
[6.780s] INFO:colcon.colcon_core.shell:Creating prefix script '/home/muhaliugur/gpsurus/install/local_setup.sh'
[6.780s] INFO:colcon.colcon_core.shell:Creating prefix util module '/home/muhaliugur/gpsurus/install/_local_setup_util_sh.py'
[6.780s] INFO:colcon.colcon_core.shell:Creating prefix chain script '/home/muhaliugur/gpsurus/install/setup.sh'
[6.781s] INFO:colcon.colcon_core.shell:Creating prefix script '/home/muhaliugur/gpsurus/install/local_setup.bash'
[6.781s] INFO:colcon.colcon_core.shell:Creating prefix chain script '/home/muhaliugur/gpsurus/install/setup.bash'
[6.782s] INFO:colcon.colcon_core.shell:Creating prefix script '/home/muhaliugur/gpsurus/install/local_setup.zsh'
[6.782s] INFO:colcon.colcon_core.shell:Creating prefix chain script '/home/muhaliugur/gpsurus/install/setup.zsh'
