[0.000000] (-) TimerEvent: {}
[0.000532] (gpspackage) JobQueued: {'identifier': 'gpspackage', 'dependencies': OrderedDict()}
[0.000599] (gpspackage) JobStarted: {'identifier': 'gpspackage'}
[0.004731] (gpspackage) JobProgress: {'identifier': 'gpspackage', 'progress': 'cmake'}
[0.005174] (gpspackage) JobProgress: {'identifier': 'gpspackage', 'progress': 'build'}
[0.005708] (gpspackage) Command: {'cmd': ['/usr/bin/cmake', '--build', '/home/muhaliugur/gpsurus/build/gpspackage', '--', '-j32', '-l32'], 'cwd': '/home/muhaliugur/gpsurus/build/gpspackage', 'env': OrderedDict([('USER', 'muhaliugur'), ('CCACHE_DIR', '/home/muhaliugur/.ccache'), ('XDG_SESSION_TYPE', 'x11'), ('SHLVL', '1'), ('LD_LIBRARY_PATH', '/usr/local/cuda/lib64:/usr/local/cuda/lib64:/opt/ros/humble/opt/zmqpp_vendor/lib:/opt/ros/humble/opt/rviz_ogre_vendor/lib:/opt/ros/humble/lib/x86_64-linux-gnu:/opt/ros/humble/lib'), ('HOME', '/home/muhaliugur'), ('OLDPWD', '/home/muhaliugur'), ('DESKTOP_SESSION', 'pop'), ('ROS_PYTHON_VERSION', '3'), ('GNOME_SHELL_SESSION_MODE', 'pop'), ('GTK_MODULES', 'gail:atk-bridge'), ('CUDA_TOOLKIT_ROOT_DIR', '/usr/local/cuda'), ('SYSTEMD_EXEC_PID', '2423'), ('DBUS_SESSION_BUS_ADDRESS', 'unix:path=/run/user/1000/bus'), ('COLORTERM', 'truecolor'), ('ROS_DISTRO', 'humble'), ('GTK_IM_MODULE', 'ibus'), ('LOGNAME', 'muhaliugur'), ('_', '/usr/bin/colcon'), ('ROS_VERSION', '2'), ('XDG_SESSION_CLASS', 'user'), ('USERNAME', 'muhaliugur'), ('TERM', 'xterm-256color'), ('GNOME_DESKTOP_SESSION_ID', 'this-is-deprecated'), ('ROS_LOCALHOST_ONLY', '1'), ('WINDOWPATH', '2'), ('PATH', '/usr/local/cuda/bin:/home/muhaliugur/.local/bin:/usr/local/cuda/bin:/opt/ros/humble/bin:/usr/local/sbin:/usr/local/bin:/usr/sbin:/usr/bin:/sbin:/bin:/usr/games:/usr/local/games:/snap/bin'), ('SESSION_MANAGER', 'local/pop-os:@/tmp/.ICE-unix/2396,unix/pop-os:/tmp/.ICE-unix/2396'), ('XDG_MENU_PREFIX', 'gnome-'), ('GNOME_TERMINAL_SCREEN', '/org/gnome/Terminal/screen/22ec95d6_9c5f_4711_921b_723581d9e178'), ('XDG_RUNTIME_DIR', '/run/user/1000'), ('DISPLAY', ':1'), ('LANG', 'en_US.UTF-8'), ('XDG_CURRENT_DESKTOP', 'pop:GNOME'), ('RMW_IMPLEMENTATION', 'rmw_cyclonedds_cpp'), ('XMODIFIERS', '@im=ibus'), ('XDG_SESSION_DESKTOP', 'pop'), ('XAUTHORITY', '/run/user/1000/gdm/Xauthority'), ('GNOME_TERMINAL_SERVICE', ':1.172'), ('SSH_AGENT_LAUNCHER', 'gnome-keyring'), ('SSH_AUTH_SOCK', '/run/user/1000/keyring/ssh'), ('ROS_DOMAIN_ID', '34'), ('AMENT_PREFIX_PATH', '/opt/ros/humble'), ('SHELL', '/bin/bash'), ('QT_ACCESSIBILITY', '1'), ('CXX', '/usr/lib/ccache/g++'), ('GDMSESSION', 'pop'), ('GPG_AGENT_INFO', '/run/user/1000/gnupg/S.gpg-agent:0:1'), ('QT_IM_MODULE', 'ibus'), ('PWD', '/home/muhaliugur/gpsurus/build/gpspackage'), ('XDG_CONFIG_DIRS', '/etc/xdg/xdg-pop:/etc/xdg'), ('XDG_DATA_DIRS', '/usr/share/pop:/usr/share/gnome:/home/muhaliugur/.local/share/flatpak/exports/share:/var/lib/flatpak/exports/share:/usr/local/share/:/usr/share/'), ('PYTHONPATH', '/opt/ros/humble/lib/python3.10/site-packages:/opt/ros/humble/local/lib/python3.10/dist-packages'), ('CC', '/usr/lib/ccache/gcc'), ('COLCON', '1'), ('VTE_VERSION', '6800'), ('CMAKE_PREFIX_PATH', '/opt/ros/humble')]), 'shell': False}
[0.028079] (gpspackage) StdoutLine: {'line': b'-- Found ament_cmake: 1.3.13 (/opt/ros/humble/share/ament_cmake/cmake)\n'}
[0.100053] (-) TimerEvent: {}
[0.106587] (gpspackage) StdoutLine: {'line': b'-- Found rclcpp: 16.0.18 (/opt/ros/humble/share/rclcpp/cmake)\n'}
[0.119667] (gpspackage) StdoutLine: {'line': b'-- Found rosidl_generator_c: 3.1.8 (/opt/ros/humble/share/rosidl_generator_c/cmake)\n'}
[0.120942] (gpspackage) StdoutLine: {'line': b'-- Found rosidl_adapter: 3.1.8 (/opt/ros/humble/share/rosidl_adapter/cmake)\n'}
[0.123690] (gpspackage) StdoutLine: {'line': b'-- Found rosidl_generator_cpp: 3.1.8 (/opt/ros/humble/share/rosidl_generator_cpp/cmake)\n'}
[0.127873] (gpspackage) StdoutLine: {'line': b'-- Using all available rosidl_typesupport_c: rosidl_typesupport_fastrtps_c;rosidl_typesupport_introspection_c\n'}
[0.133289] (gpspackage) StdoutLine: {'line': b'-- Using all available rosidl_typesupport_cpp: rosidl_typesupport_fastrtps_cpp;rosidl_typesupport_introspection_cpp\n'}
[0.148180] (gpspackage) StdoutLine: {'line': b'-- Found rmw_implementation_cmake: 6.1.2 (/opt/ros/humble/share/rmw_implementation_cmake/cmake)\n'}
[0.148821] (gpspackage) StdoutLine: {'line': b'-- Found rmw_cyclonedds_cpp: 1.3.4 (/opt/ros/humble/share/rmw_cyclonedds_cpp/cmake)\n'}
[0.156698] (gpspackage) StdoutLine: {'line': b"-- Using RMW implementation 'rmw_cyclonedds_cpp' as default\n"}
[0.179386] (gpspackage) StdoutLine: {'line': b'-- Found nav_msgs: 4.9.1 (/opt/ros/humble/share/nav_msgs/cmake)\n'}
[0.192889] (gpspackage) StdoutLine: {'line': b'-- Found visualization_msgs: 4.9.1 (/opt/ros/humble/share/visualization_msgs/cmake)\n'}
[0.200155] (-) TimerEvent: {}
[0.210417] (gpspackage) StdoutLine: {'line': b'-- Found std_srvs: 4.9.1 (/opt/ros/humble/share/std_srvs/cmake)\n'}
[0.245978] (gpspackage) StdoutLine: {'line': b'-- Configuring done\n'}
[0.252951] (gpspackage) StdoutLine: {'line': b'-- Generating done\n'}
[0.255294] (gpspackage) StdoutLine: {'line': b'-- Build files have been written to: /home/muhaliugur/gpsurus/build/gpspackage\n'}
[0.271677] (gpspackage) StdoutLine: {'line': b'\x1b[35m\x1b[1mConsolidate compiler generated dependencies of target pure_pursuit_node\x1b[0m\n'}
[0.271752] (gpspackage) StdoutLine: {'line': b'\x1b[35m\x1b[1mConsolidate compiler generated dependencies of target teensy_comm_node\x1b[0m\n'}
[0.283402] (gpspackage) StdoutLine: {'line': b'[ 50%] Built target teensy_comm_node\n'}
[0.284616] (gpspackage) StdoutLine: {'line': b'[100%] Built target pure_pursuit_node\n'}
[0.293286] (gpspackage) CommandEnded: {'returncode': 0}
[0.293675] (gpspackage) JobProgress: {'identifier': 'gpspackage', 'progress': 'install'}
[0.300252] (-) TimerEvent: {}
[0.301569] (gpspackage) Command: {'cmd': ['/usr/bin/cmake', '--install', '/home/muhaliugur/gpsurus/build/gpspackage'], 'cwd': '/home/muhaliugur/gpsurus/build/gpspackage', 'env': OrderedDict([('USER', 'muhaliugur'), ('CCACHE_DIR', '/home/muhaliugur/.ccache'), ('XDG_SESSION_TYPE', 'x11'), ('SHLVL', '1'), ('LD_LIBRARY_PATH', '/usr/local/cuda/lib64:/usr/local/cuda/lib64:/opt/ros/humble/opt/zmqpp_vendor/lib:/opt/ros/humble/opt/rviz_ogre_vendor/lib:/opt/ros/humble/lib/x86_64-linux-gnu:/opt/ros/humble/lib'), ('HOME', '/home/muhaliugur'), ('OLDPWD', '/home/muhaliugur'), ('DESKTOP_SESSION', 'pop'), ('ROS_PYTHON_VERSION', '3'), ('GNOME_SHELL_SESSION_MODE', 'pop'), ('GTK_MODULES', 'gail:atk-bridge'), ('CUDA_TOOLKIT_ROOT_DIR', '/usr/local/cuda'), ('SYSTEMD_EXEC_PID', '2423'), ('DBUS_SESSION_BUS_ADDRESS', 'unix:path=/run/user/1000/bus'), ('COLORTERM', 'truecolor'), ('ROS_DISTRO', 'humble'), ('GTK_IM_MODULE', 'ibus'), ('LOGNAME', 'muhaliugur'), ('_', '/usr/bin/colcon'), ('ROS_VERSION', '2'), ('XDG_SESSION_CLASS', 'user'), ('USERNAME', 'muhaliugur'), ('TERM', 'xterm-256color'), ('GNOME_DESKTOP_SESSION_ID', 'this-is-deprecated'), ('ROS_LOCALHOST_ONLY', '1'), ('WINDOWPATH', '2'), ('PATH', '/usr/local/cuda/bin:/home/muhaliugur/.local/bin:/usr/local/cuda/bin:/opt/ros/humble/bin:/usr/local/sbin:/usr/local/bin:/usr/sbin:/usr/bin:/sbin:/bin:/usr/games:/usr/local/games:/snap/bin'), ('SESSION_MANAGER', 'local/pop-os:@/tmp/.ICE-unix/2396,unix/pop-os:/tmp/.ICE-unix/2396'), ('XDG_MENU_PREFIX', 'gnome-'), ('GNOME_TERMINAL_SCREEN', '/org/gnome/Terminal/screen/22ec95d6_9c5f_4711_921b_723581d9e178'), ('XDG_RUNTIME_DIR', '/run/user/1000'), ('DISPLAY', ':1'), ('LANG', 'en_US.UTF-8'), ('XDG_CURRENT_DESKTOP', 'pop:GNOME'), ('RMW_IMPLEMENTATION', 'rmw_cyclonedds_cpp'), ('XMODIFIERS', '@im=ibus'), ('XDG_SESSION_DESKTOP', 'pop'), ('XAUTHORITY', '/run/user/1000/gdm/Xauthority'), ('GNOME_TERMINAL_SERVICE', ':1.172'), ('SSH_AGENT_LAUNCHER', 'gnome-keyring'), ('SSH_AUTH_SOCK', '/run/user/1000/keyring/ssh'), ('ROS_DOMAIN_ID', '34'), ('AMENT_PREFIX_PATH', '/opt/ros/humble'), ('SHELL', '/bin/bash'), ('QT_ACCESSIBILITY', '1'), ('CXX', '/usr/lib/ccache/g++'), ('GDMSESSION', 'pop'), ('GPG_AGENT_INFO', '/run/user/1000/gnupg/S.gpg-agent:0:1'), ('QT_IM_MODULE', 'ibus'), ('PWD', '/home/muhaliugur/gpsurus/build/gpspackage'), ('XDG_CONFIG_DIRS', '/etc/xdg/xdg-pop:/etc/xdg'), ('XDG_DATA_DIRS', '/usr/share/pop:/usr/share/gnome:/home/muhaliugur/.local/share/flatpak/exports/share:/var/lib/flatpak/exports/share:/usr/local/share/:/usr/share/'), ('PYTHONPATH', '/opt/ros/humble/lib/python3.10/site-packages:/opt/ros/humble/local/lib/python3.10/dist-packages'), ('CC', '/usr/lib/ccache/gcc'), ('COLCON', '1'), ('VTE_VERSION', '6800'), ('CMAKE_PREFIX_PATH', '/opt/ros/humble')]), 'shell': False}
[0.309407] (gpspackage) StdoutLine: {'line': b'-- Install configuration: ""\n'}
[0.309695] (gpspackage) StdoutLine: {'line': b'-- Up-to-date: /home/muhaliugur/gpsurus/install/gpspackage/lib/gpspackage/pure_pursuit_node\n'}
[0.309833] (gpspackage) StdoutLine: {'line': b'-- Up-to-date: /home/muhaliugur/gpsurus/install/gpspackage/lib/gpspackage/teensy_comm_node\n'}
[0.310052] (gpspackage) StdoutLine: {'line': b'-- Up-to-date: /home/muhaliugur/gpsurus/install/gpspackage/share/gpspackage/launch\n'}
[0.310198] (gpspackage) StdoutLine: {'line': b'-- Up-to-date: /home/muhaliugur/gpsurus/install/gpspackage/share/gpspackage/launch/localization.launch.py\n'}
[0.310268] (gpspackage) StdoutLine: {'line': b'-- Up-to-date: /home/muhaliugur/gpsurus/install/gpspackage/share/gpspackage/config\n'}
[0.310328] (gpspackage) StdoutLine: {'line': b'-- Up-to-date: /home/muhaliugur/gpsurus/install/gpspackage/share/gpspackage/config/noktalarim.dbf\n'}
[0.310383] (gpspackage) StdoutLine: {'line': b'-- Up-to-date: /home/muhaliugur/gpsurus/install/gpspackage/share/gpspackage/config/noktalarim.prj\n'}
[0.310438] (gpspackage) StdoutLine: {'line': b'-- Up-to-date: /home/muhaliugur/gpsurus/install/gpspackage/share/gpspackage/config/rota.qmd\n'}
[0.310495] (gpspackage) StdoutLine: {'line': b'-- Up-to-date: /home/muhaliugur/gpsurus/install/gpspackage/share/gpspackage/config/ekf.yaml\n'}
[0.310595] (gpspackage) StdoutLine: {'line': b'-- Up-to-date: /home/muhaliugur/gpsurus/install/gpspackage/share/gpspackage/config/noktalarim.shx\n'}
[0.310658] (gpspackage) StdoutLine: {'line': b'-- Up-to-date: /home/muhaliugur/gpsurus/install/gpspackage/share/gpspackage/config/noktalarim.cpg\n'}
[0.310703] (gpspackage) StdoutLine: {'line': b'-- Up-to-date: /home/muhaliugur/gpsurus/install/gpspackage/share/gpspackage/config/noktalarim.shp\n'}
[0.310750] (gpspackage) StdoutLine: {'line': b'-- Up-to-date: /home/muhaliugur/gpsurus/install/gpspackage/share/gpspackage/config/rota.csv\n'}
[0.310854] (gpspackage) StdoutLine: {'line': b'-- Up-to-date: /home/muhaliugur/gpsurus/install/gpspackage/share/ament_index/resource_index/package_run_dependencies/gpspackage\n'}
[0.310911] (gpspackage) StdoutLine: {'line': b'-- Up-to-date: /home/muhaliugur/gpsurus/install/gpspackage/share/ament_index/resource_index/parent_prefix_path/gpspackage\n'}
[0.310962] (gpspackage) StdoutLine: {'line': b'-- Up-to-date: /home/muhaliugur/gpsurus/install/gpspackage/share/gpspackage/environment/ament_prefix_path.sh\n'}
[0.311013] (gpspackage) StdoutLine: {'line': b'-- Installing: /home/muhaliugur/gpsurus/install/gpspackage/share/gpspackage/environment/ament_prefix_path.dsv\n'}
[0.311060] (gpspackage) StdoutLine: {'line': b'-- Up-to-date: /home/muhaliugur/gpsurus/install/gpspackage/share/gpspackage/environment/path.sh\n'}
[0.311117] (gpspackage) StdoutLine: {'line': b'-- Installing: /home/muhaliugur/gpsurus/install/gpspackage/share/gpspackage/environment/path.dsv\n'}
[0.311167] (gpspackage) StdoutLine: {'line': b'-- Up-to-date: /home/muhaliugur/gpsurus/install/gpspackage/share/gpspackage/local_setup.bash\n'}
[0.311236] (gpspackage) StdoutLine: {'line': b'-- Up-to-date: /home/muhaliugur/gpsurus/install/gpspackage/share/gpspackage/local_setup.sh\n'}
[0.311292] (gpspackage) StdoutLine: {'line': b'-- Up-to-date: /home/muhaliugur/gpsurus/install/gpspackage/share/gpspackage/local_setup.zsh\n'}
[0.311342] (gpspackage) StdoutLine: {'line': b'-- Installing: /home/muhaliugur/gpsurus/install/gpspackage/share/gpspackage/local_setup.dsv\n'}
[0.311391] (gpspackage) StdoutLine: {'line': b'-- Installing: /home/muhaliugur/gpsurus/install/gpspackage/share/gpspackage/package.dsv\n'}
[0.311498] (gpspackage) StdoutLine: {'line': b'-- Up-to-date: /home/muhaliugur/gpsurus/install/gpspackage/share/ament_index/resource_index/packages/gpspackage\n'}
[0.311592] (gpspackage) StdoutLine: {'line': b'-- Up-to-date: /home/muhaliugur/gpsurus/install/gpspackage/share/gpspackage/cmake/gpspackageConfig.cmake\n'}
[0.311647] (gpspackage) StdoutLine: {'line': b'-- Up-to-date: /home/muhaliugur/gpsurus/install/gpspackage/share/gpspackage/cmake/gpspackageConfig-version.cmake\n'}
[0.311739] (gpspackage) StdoutLine: {'line': b'-- Up-to-date: /home/muhaliugur/gpsurus/install/gpspackage/share/gpspackage/package.xml\n'}
[0.312594] (gpspackage) CommandEnded: {'returncode': 0}
[0.328135] (gpspackage) JobEnded: {'identifier': 'gpspackage', 'rc': 0}
[0.328567] (-) EventReactorShutdown: {}
