[0.000000] (-) TimerEvent: {}
[0.000158] (gpspackage) JobQueued: {'identifier': 'gpspackage', 'dependencies': OrderedDict()}
[0.000207] (gpspackage) JobStarted: {'identifier': 'gpspackage'}
[0.006578] (gpspackage) JobProgress: {'identifier': 'gpspackage', 'progress': 'cmake'}
[0.007062] (gpspackage) JobProgress: {'identifier': 'gpspackage', 'progress': 'build'}
[0.007697] (gpspackage) Command: {'cmd': ['/usr/bin/cmake', '--build', '/home/muhaliugur/gpsurus/build/gpspackage', '--', '-j32', '-l32'], 'cwd': '/home/muhaliugur/gpsurus/build/gpspackage', 'env': OrderedDict([('USER', 'muhaliugur'), ('CCACHE_DIR', '/home/muhaliugur/.ccache'), ('XDG_SESSION_TYPE', 'x11'), ('SHLVL', '1'), ('LD_LIBRARY_PATH', '/usr/local/cuda/lib64:/usr/local/cuda/lib64:/opt/ros/humble/opt/zmqpp_vendor/lib:/opt/ros/humble/opt/rviz_ogre_vendor/lib:/opt/ros/humble/lib/x86_64-linux-gnu:/opt/ros/humble/lib'), ('HOME', '/home/muhaliugur'), ('OLDPWD', '/home/muhaliugur'), ('DESKTOP_SESSION', 'pop'), ('ROS_PYTHON_VERSION', '3'), ('GNOME_SHELL_SESSION_MODE', 'pop'), ('GTK_MODULES', 'gail:atk-bridge'), ('CUDA_TOOLKIT_ROOT_DIR', '/usr/local/cuda'), ('SYSTEMD_EXEC_PID', '5855'), ('DBUS_SESSION_BUS_ADDRESS', 'unix:path=/run/user/1000/bus'), ('COLORTERM', 'truecolor'), ('COLCON_PREFIX_PATH', '/home/muhaliugur/gpsurus/install'), ('ROS_DISTRO', 'humble'), ('GTK_IM_MODULE', 'ibus'), ('LOGNAME', 'muhaliugur'), ('_', '/usr/bin/colcon'), ('ROS_VERSION', '2'), ('XDG_SESSION_CLASS', 'user'), ('USERNAME', 'muhaliugur'), ('TERM', 'xterm-256color'), ('GNOME_DESKTOP_SESSION_ID', 'this-is-deprecated'), ('ROS_LOCALHOST_ONLY', '1'), ('WINDOWPATH', '2'), ('PATH', '/usr/local/cuda/bin:/home/muhaliugur/.local/bin:/usr/local/cuda/bin:/opt/ros/humble/bin:/usr/local/sbin:/usr/local/bin:/usr/sbin:/usr/bin:/sbin:/bin:/usr/games:/usr/local/games:/snap/bin'), ('SESSION_MANAGER', 'local/pop-os:@/tmp/.ICE-unix/2427,unix/pop-os:/tmp/.ICE-unix/2427'), ('XDG_MENU_PREFIX', 'gnome-'), ('GNOME_TERMINAL_SCREEN', '/org/gnome/Terminal/screen/9bd91e85_a645_41f1_afe9_0fb11105db4e'), ('XDG_RUNTIME_DIR', '/run/user/1000'), ('DISPLAY', ':1'), ('LANG', 'en_US.UTF-8'), ('XDG_CURRENT_DESKTOP', 'pop:GNOME'), ('RMW_IMPLEMENTATION', 'rmw_cyclonedds_cpp'), ('XMODIFIERS', '@im=ibus'), ('XDG_SESSION_DESKTOP', 'pop'), ('XAUTHORITY', '/run/user/1000/gdm/Xauthority'), ('GNOME_TERMINAL_SERVICE', ':1.130'), ('SSH_AGENT_LAUNCHER', 'gnome-keyring'), ('SSH_AUTH_SOCK', '/run/user/1000/keyring/ssh'), ('ROS_DOMAIN_ID', '34'), ('AMENT_PREFIX_PATH', '/home/muhaliugur/gpsurus/install/gpspackage:/opt/ros/humble'), ('SHELL', '/bin/bash'), ('QT_ACCESSIBILITY', '1'), ('CXX', '/usr/lib/ccache/g++'), ('GDMSESSION', 'pop'), ('GPG_AGENT_INFO', '/run/user/1000/gnupg/S.gpg-agent:0:1'), ('QT_IM_MODULE', 'ibus'), ('PWD', '/home/muhaliugur/gpsurus/build/gpspackage'), ('XDG_CONFIG_DIRS', '/etc/xdg/xdg-pop:/etc/xdg'), ('XDG_DATA_DIRS', '/usr/share/pop:/usr/share/gnome:/home/muhaliugur/.local/share/flatpak/exports/share:/var/lib/flatpak/exports/share:/usr/local/share/:/usr/share/'), ('PYTHONPATH', '/opt/ros/humble/lib/python3.10/site-packages:/opt/ros/humble/local/lib/python3.10/dist-packages'), ('CC', '/usr/lib/ccache/gcc'), ('COLCON', '1'), ('VTE_VERSION', '6800'), ('CMAKE_PREFIX_PATH', '/home/muhaliugur/gpsurus/install/gpspackage:/opt/ros/humble')]), 'shell': False}
[0.065920] (gpspackage) StdoutLine: {'line': b'[ 25%] \x1b[32mBuilding CXX object CMakeFiles/pure_pursuit_node.dir/src/pure_pursuit.cpp.o\x1b[0m\n'}
[0.066353] (gpspackage) StdoutLine: {'line': b'[ 75%] Built target teensy_comm_node\n'}
[0.099635] (-) TimerEvent: {}
[0.199949] (-) TimerEvent: {}
[0.300279] (-) TimerEvent: {}
[0.400572] (-) TimerEvent: {}
[0.500885] (-) TimerEvent: {}
[0.601200] (-) TimerEvent: {}
[0.701513] (-) TimerEvent: {}
[0.801850] (-) TimerEvent: {}
[0.902194] (-) TimerEvent: {}
[1.002509] (-) TimerEvent: {}
[1.102851] (-) TimerEvent: {}
[1.203173] (-) TimerEvent: {}
[1.303515] (-) TimerEvent: {}
[1.403831] (-) TimerEvent: {}
[1.504162] (-) TimerEvent: {}
[1.604513] (-) TimerEvent: {}
[1.704818] (-) TimerEvent: {}
[1.805159] (-) TimerEvent: {}
[1.905429] (-) TimerEvent: {}
[2.005758] (-) TimerEvent: {}
[2.106202] (-) TimerEvent: {}
[2.206464] (-) TimerEvent: {}
[2.306763] (-) TimerEvent: {}
[2.407149] (-) TimerEvent: {}
[2.507439] (-) TimerEvent: {}
[2.607713] (-) TimerEvent: {}
[2.708045] (-) TimerEvent: {}
[2.808354] (-) TimerEvent: {}
[2.908621] (-) TimerEvent: {}
[3.008985] (-) TimerEvent: {}
[3.109332] (-) TimerEvent: {}
[3.209694] (-) TimerEvent: {}
[3.310078] (-) TimerEvent: {}
[3.410474] (-) TimerEvent: {}
[3.510833] (-) TimerEvent: {}
[3.611211] (-) TimerEvent: {}
[3.711563] (-) TimerEvent: {}
[3.811947] (-) TimerEvent: {}
[3.912316] (-) TimerEvent: {}
[4.012689] (-) TimerEvent: {}
[4.113013] (-) TimerEvent: {}
[4.213357] (-) TimerEvent: {}
[4.313729] (-) TimerEvent: {}
[4.414074] (-) TimerEvent: {}
[4.514433] (-) TimerEvent: {}
[4.614761] (-) TimerEvent: {}
[4.715099] (-) TimerEvent: {}
[4.815453] (-) TimerEvent: {}
[4.915806] (-) TimerEvent: {}
[5.016149] (-) TimerEvent: {}
[5.116471] (-) TimerEvent: {}
[5.216759] (-) TimerEvent: {}
[5.317076] (-) TimerEvent: {}
[5.417312] (-) TimerEvent: {}
[5.517617] (-) TimerEvent: {}
[5.617961] (-) TimerEvent: {}
[5.718285] (-) TimerEvent: {}
[5.818588] (-) TimerEvent: {}
[5.918834] (-) TimerEvent: {}
[6.019118] (-) TimerEvent: {}
[6.119429] (-) TimerEvent: {}
[6.219751] (-) TimerEvent: {}
[6.320068] (-) TimerEvent: {}
[6.420306] (-) TimerEvent: {}
[6.520595] (-) TimerEvent: {}
[6.620896] (-) TimerEvent: {}
[6.721213] (-) TimerEvent: {}
[6.821546] (-) TimerEvent: {}
[6.921874] (-) TimerEvent: {}
[7.022225] (-) TimerEvent: {}
[7.122561] (-) TimerEvent: {}
[7.222904] (-) TimerEvent: {}
[7.239137] (gpspackage) StdoutLine: {'line': b'[100%] \x1b[32m\x1b[1mLinking CXX executable pure_pursuit_node\x1b[0m\n'}
[7.323092] (-) TimerEvent: {}
[7.423456] (-) TimerEvent: {}
[7.523768] (-) TimerEvent: {}
[7.624075] (-) TimerEvent: {}
[7.640562] (gpspackage) StdoutLine: {'line': b'[100%] Built target pure_pursuit_node\n'}
[7.650983] (gpspackage) CommandEnded: {'returncode': 0}
[7.651743] (gpspackage) JobProgress: {'identifier': 'gpspackage', 'progress': 'install'}
[7.660787] (gpspackage) Command: {'cmd': ['/usr/bin/cmake', '--install', '/home/muhaliugur/gpsurus/build/gpspackage'], 'cwd': '/home/muhaliugur/gpsurus/build/gpspackage', 'env': OrderedDict([('USER', 'muhaliugur'), ('CCACHE_DIR', '/home/muhaliugur/.ccache'), ('XDG_SESSION_TYPE', 'x11'), ('SHLVL', '1'), ('LD_LIBRARY_PATH', '/usr/local/cuda/lib64:/usr/local/cuda/lib64:/opt/ros/humble/opt/zmqpp_vendor/lib:/opt/ros/humble/opt/rviz_ogre_vendor/lib:/opt/ros/humble/lib/x86_64-linux-gnu:/opt/ros/humble/lib'), ('HOME', '/home/muhaliugur'), ('OLDPWD', '/home/muhaliugur'), ('DESKTOP_SESSION', 'pop'), ('ROS_PYTHON_VERSION', '3'), ('GNOME_SHELL_SESSION_MODE', 'pop'), ('GTK_MODULES', 'gail:atk-bridge'), ('CUDA_TOOLKIT_ROOT_DIR', '/usr/local/cuda'), ('SYSTEMD_EXEC_PID', '5855'), ('DBUS_SESSION_BUS_ADDRESS', 'unix:path=/run/user/1000/bus'), ('COLORTERM', 'truecolor'), ('COLCON_PREFIX_PATH', '/home/muhaliugur/gpsurus/install'), ('ROS_DISTRO', 'humble'), ('GTK_IM_MODULE', 'ibus'), ('LOGNAME', 'muhaliugur'), ('_', '/usr/bin/colcon'), ('ROS_VERSION', '2'), ('XDG_SESSION_CLASS', 'user'), ('USERNAME', 'muhaliugur'), ('TERM', 'xterm-256color'), ('GNOME_DESKTOP_SESSION_ID', 'this-is-deprecated'), ('ROS_LOCALHOST_ONLY', '1'), ('WINDOWPATH', '2'), ('PATH', '/usr/local/cuda/bin:/home/muhaliugur/.local/bin:/usr/local/cuda/bin:/opt/ros/humble/bin:/usr/local/sbin:/usr/local/bin:/usr/sbin:/usr/bin:/sbin:/bin:/usr/games:/usr/local/games:/snap/bin'), ('SESSION_MANAGER', 'local/pop-os:@/tmp/.ICE-unix/2427,unix/pop-os:/tmp/.ICE-unix/2427'), ('XDG_MENU_PREFIX', 'gnome-'), ('GNOME_TERMINAL_SCREEN', '/org/gnome/Terminal/screen/9bd91e85_a645_41f1_afe9_0fb11105db4e'), ('XDG_RUNTIME_DIR', '/run/user/1000'), ('DISPLAY', ':1'), ('LANG', 'en_US.UTF-8'), ('XDG_CURRENT_DESKTOP', 'pop:GNOME'), ('RMW_IMPLEMENTATION', 'rmw_cyclonedds_cpp'), ('XMODIFIERS', '@im=ibus'), ('XDG_SESSION_DESKTOP', 'pop'), ('XAUTHORITY', '/run/user/1000/gdm/Xauthority'), ('GNOME_TERMINAL_SERVICE', ':1.130'), ('SSH_AGENT_LAUNCHER', 'gnome-keyring'), ('SSH_AUTH_SOCK', '/run/user/1000/keyring/ssh'), ('ROS_DOMAIN_ID', '34'), ('AMENT_PREFIX_PATH', '/home/muhaliugur/gpsurus/install/gpspackage:/opt/ros/humble'), ('SHELL', '/bin/bash'), ('QT_ACCESSIBILITY', '1'), ('CXX', '/usr/lib/ccache/g++'), ('GDMSESSION', 'pop'), ('GPG_AGENT_INFO', '/run/user/1000/gnupg/S.gpg-agent:0:1'), ('QT_IM_MODULE', 'ibus'), ('PWD', '/home/muhaliugur/gpsurus/build/gpspackage'), ('XDG_CONFIG_DIRS', '/etc/xdg/xdg-pop:/etc/xdg'), ('XDG_DATA_DIRS', '/usr/share/pop:/usr/share/gnome:/home/muhaliugur/.local/share/flatpak/exports/share:/var/lib/flatpak/exports/share:/usr/local/share/:/usr/share/'), ('PYTHONPATH', '/opt/ros/humble/lib/python3.10/site-packages:/opt/ros/humble/local/lib/python3.10/dist-packages'), ('CC', '/usr/lib/ccache/gcc'), ('COLCON', '1'), ('VTE_VERSION', '6800'), ('CMAKE_PREFIX_PATH', '/home/muhaliugur/gpsurus/install/gpspackage:/opt/ros/humble')]), 'shell': False}
[7.670492] (gpspackage) StdoutLine: {'line': b'-- Install configuration: ""\n'}
[7.670699] (gpspackage) StdoutLine: {'line': b'-- Installing: /home/muhaliugur/gpsurus/install/gpspackage/lib/gpspackage/pure_pursuit_node\n'}
[7.674428] (gpspackage) StdoutLine: {'line': b'-- Set runtime path of "/home/muhaliugur/gpsurus/install/gpspackage/lib/gpspackage/pure_pursuit_node" to ""\n'}
[7.674713] (gpspackage) StdoutLine: {'line': b'-- Up-to-date: /home/muhaliugur/gpsurus/install/gpspackage/lib/gpspackage/teensy_comm_node\n'}
[7.675041] (gpspackage) StdoutLine: {'line': b'-- Up-to-date: /home/muhaliugur/gpsurus/install/gpspackage/share/gpspackage/launch\n'}
[7.675117] (gpspackage) StdoutLine: {'line': b'-- Up-to-date: /home/muhaliugur/gpsurus/install/gpspackage/share/gpspackage/launch/localization.launch.py\n'}
[7.675174] (gpspackage) StdoutLine: {'line': b'-- Up-to-date: /home/muhaliugur/gpsurus/install/gpspackage/share/gpspackage/config\n'}
[7.675236] (gpspackage) StdoutLine: {'line': b'-- Up-to-date: /home/muhaliugur/gpsurus/install/gpspackage/share/gpspackage/config/noktalarim.dbf\n'}
[7.675295] (gpspackage) StdoutLine: {'line': b'-- Up-to-date: /home/muhaliugur/gpsurus/install/gpspackage/share/gpspackage/config/deneme.shx\n'}
[7.675352] (gpspackage) StdoutLine: {'line': b'-- Up-to-date: /home/muhaliugur/gpsurus/install/gpspackage/share/gpspackage/config/noktalarim.prj\n'}
[7.675406] (gpspackage) StdoutLine: {'line': b'-- Up-to-date: /home/muhaliugur/gpsurus/install/gpspackage/share/gpspackage/config/rota.qmd\n'}
[7.675459] (gpspackage) StdoutLine: {'line': b'-- Up-to-date: /home/muhaliugur/gpsurus/install/gpspackage/share/gpspackage/config/deneme.prj\n'}
[7.675516] (gpspackage) StdoutLine: {'line': b'-- Up-to-date: /home/muhaliugur/gpsurus/install/gpspackage/share/gpspackage/config/rota2.shx\n'}
[7.675568] (gpspackage) StdoutLine: {'line': b'-- Up-to-date: /home/muhaliugur/gpsurus/install/gpspackage/share/gpspackage/config/waypoints_gps.csv\n'}
[7.675618] (gpspackage) StdoutLine: {'line': b'-- Up-to-date: /home/muhaliugur/gpsurus/install/gpspackage/share/gpspackage/config/rota2.shp\n'}
[7.675668] (gpspackage) StdoutLine: {'line': b'-- Up-to-date: /home/muhaliugur/gpsurus/install/gpspackage/share/gpspackage/config/rota2.prj\n'}
[7.675718] (gpspackage) StdoutLine: {'line': b'-- Up-to-date: /home/muhaliugur/gpsurus/install/gpspackage/share/gpspackage/config/ekf.yaml\n'}
[7.675770] (gpspackage) StdoutLine: {'line': b'-- Up-to-date: /home/muhaliugur/gpsurus/install/gpspackage/share/gpspackage/config/deneme.shp\n'}
[7.675822] (gpspackage) StdoutLine: {'line': b'-- Up-to-date: /home/muhaliugur/gpsurus/install/gpspackage/share/gpspackage/config/rota2.cpg\n'}
[7.675872] (gpspackage) StdoutLine: {'line': b'-- Up-to-date: /home/muhaliugur/gpsurus/install/gpspackage/share/gpspackage/config/deneme.cpg\n'}
[7.675921] (gpspackage) StdoutLine: {'line': b'-- Up-to-date: /home/muhaliugur/gpsurus/install/gpspackage/share/gpspackage/config/deneme.dbf\n'}
[7.675994] (gpspackage) StdoutLine: {'line': b'-- Up-to-date: /home/muhaliugur/gpsurus/install/gpspackage/share/gpspackage/config/noktalarim.shx\n'}
[7.676044] (gpspackage) StdoutLine: {'line': b'-- Up-to-date: /home/muhaliugur/gpsurus/install/gpspackage/share/gpspackage/config/waypoint_recorder.py\n'}
[7.676142] (gpspackage) StdoutLine: {'line': b'-- Up-to-date: /home/muhaliugur/gpsurus/install/gpspackage/share/gpspackage/config/rota2.dbf\n'}
[7.676192] (gpspackage) StdoutLine: {'line': b'-- Up-to-date: /home/muhaliugur/gpsurus/install/gpspackage/share/gpspackage/config/noktalarim.cpg\n'}
[7.676243] (gpspackage) StdoutLine: {'line': b'-- Up-to-date: /home/muhaliugur/gpsurus/install/gpspackage/share/gpspackage/config/rota.csvt\n'}
[7.676289] (gpspackage) StdoutLine: {'line': b'-- Up-to-date: /home/muhaliugur/gpsurus/install/gpspackage/share/gpspackage/config/kendi_rotam.csv\n'}
[7.676333] (gpspackage) StdoutLine: {'line': b'-- Up-to-date: /home/muhaliugur/gpsurus/install/gpspackage/share/gpspackage/config/rota.prj\n'}
[7.676378] (gpspackage) StdoutLine: {'line': b'-- Up-to-date: /home/muhaliugur/gpsurus/install/gpspackage/share/gpspackage/config/noktalarim.shp\n'}
[7.676422] (gpspackage) StdoutLine: {'line': b'-- Up-to-date: /home/muhaliugur/gpsurus/install/gpspackage/share/gpspackage/config/rota.csv\n'}
[7.676469] (gpspackage) StdoutLine: {'line': b'-- Up-to-date: /home/muhaliugur/gpsurus/install/gpspackage/share/gpspackage/meshes\n'}
[7.676513] (gpspackage) StdoutLine: {'line': b'-- Up-to-date: /home/muhaliugur/gpsurus/install/gpspackage/share/gpspackage/meshes/araba.stl\n'}
[7.676564] (gpspackage) StdoutLine: {'line': b'-- Up-to-date: /home/muhaliugur/gpsurus/install/gpspackage/share/ament_index/resource_index/package_run_dependencies/gpspackage\n'}
[7.676609] (gpspackage) StdoutLine: {'line': b'-- Up-to-date: /home/muhaliugur/gpsurus/install/gpspackage/share/ament_index/resource_index/parent_prefix_path/gpspackage\n'}
[7.676656] (gpspackage) StdoutLine: {'line': b'-- Up-to-date: /home/muhaliugur/gpsurus/install/gpspackage/share/gpspackage/environment/ament_prefix_path.sh\n'}
[7.676704] (gpspackage) StdoutLine: {'line': b'-- Up-to-date: /home/muhaliugur/gpsurus/install/gpspackage/share/gpspackage/environment/ament_prefix_path.dsv\n'}
[7.676753] (gpspackage) StdoutLine: {'line': b'-- Up-to-date: /home/muhaliugur/gpsurus/install/gpspackage/share/gpspackage/environment/path.sh\n'}
[7.676801] (gpspackage) StdoutLine: {'line': b'-- Up-to-date: /home/muhaliugur/gpsurus/install/gpspackage/share/gpspackage/environment/path.dsv\n'}
[7.676850] (gpspackage) StdoutLine: {'line': b'-- Up-to-date: /home/muhaliugur/gpsurus/install/gpspackage/share/gpspackage/local_setup.bash\n'}
[7.676899] (gpspackage) StdoutLine: {'line': b'-- Up-to-date: /home/muhaliugur/gpsurus/install/gpspackage/share/gpspackage/local_setup.sh\n'}
[7.676945] (gpspackage) StdoutLine: {'line': b'-- Up-to-date: /home/muhaliugur/gpsurus/install/gpspackage/share/gpspackage/local_setup.zsh\n'}
[7.677034] (gpspackage) StdoutLine: {'line': b'-- Up-to-date: /home/muhaliugur/gpsurus/install/gpspackage/share/gpspackage/local_setup.dsv\n'}
[7.677152] (gpspackage) StdoutLine: {'line': b'-- Installing: /home/muhaliugur/gpsurus/install/gpspackage/share/gpspackage/package.dsv\n'}
[7.677295] (gpspackage) StdoutLine: {'line': b'-- Up-to-date: /home/muhaliugur/gpsurus/install/gpspackage/share/ament_index/resource_index/packages/gpspackage\n'}
[7.677411] (gpspackage) StdoutLine: {'line': b'-- Up-to-date: /home/muhaliugur/gpsurus/install/gpspackage/share/gpspackage/cmake/gpspackageConfig.cmake\n'}
[7.677580] (gpspackage) StdoutLine: {'line': b'-- Up-to-date: /home/muhaliugur/gpsurus/install/gpspackage/share/gpspackage/cmake/gpspackageConfig-version.cmake\n'}
[7.677694] (gpspackage) StdoutLine: {'line': b'-- Up-to-date: /home/muhaliugur/gpsurus/install/gpspackage/share/gpspackage/package.xml\n'}
[7.678621] (gpspackage) CommandEnded: {'returncode': 0}
[7.695513] (gpspackage) JobEnded: {'identifier': 'gpspackage', 'rc': 0}
[7.695929] (-) EventReactorShutdown: {}
