[0.011s] Invoking command in '/home/muhaliugur/gpsurus/build/gpspackage': CMAKE_PREFIX_PATH=${CMAKE_PREFIX_PATH}:/opt/ros/humble /usr/bin/cmake --build /home/muhaliugur/gpsurus/build/gpspackage -- -j32 -l32
[0.141s] [35m[1mConsolidate compiler generated dependencies of target pure_pursuit_node[0m
[0.158s] [ 66%] Built target teensy_comm_node
[0.158s] [ 66%] Built target gps_node
[0.162s] [ 83%] [32mBuilding CXX object CMakeFiles/pure_pursuit_node.dir/src/pure_pursuit.cpp.o[0m
[5.501s] [100%] [32m[1mLinking CXX executable pure_pursuit_node[0m
[5.778s] [100%] Built target pure_pursuit_node
[5.785s] Invoked command in '/home/muhaliugur/gpsurus/build/gpspackage' returned '0': CMAKE_PREFIX_PATH=${CMAKE_PREFIX_PATH}:/opt/ros/humble /usr/bin/cmake --build /home/muhaliugur/gpsurus/build/gpspackage -- -j32 -l32
[5.793s] Invoking command in '/home/muhaliugur/gpsurus/build/gpspackage': CMAKE_PREFIX_PATH=${CMAKE_PREFIX_PATH}:/opt/ros/humble /usr/bin/cmake --install /home/muhaliugur/gpsurus/build/gpspackage
[5.799s] -- Install configuration: ""
[5.800s] -- Up-to-date: /home/muhaliugur/gpsurus/install/gpspackage/lib/gpspackage/gps_node
[5.800s] -- Installing: /home/muhaliugur/gpsurus/install/gpspackage/lib/gpspackage/pure_pursuit_node
[5.802s] -- Set runtime path of "/home/muhaliugur/gpsurus/install/gpspackage/lib/gpspackage/pure_pursuit_node" to ""
[5.802s] -- Up-to-date: /home/muhaliugur/gpsurus/install/gpspackage/lib/gpspackage/teensy_comm_node
[5.802s] -- Up-to-date: /home/muhaliugur/gpsurus/install/gpspackage/share/gpspackage/launch
[5.802s] -- Up-to-date: /home/muhaliugur/gpsurus/install/gpspackage/share/gpspackage/launch/localization.launch.py
[5.802s] -- Up-to-date: /home/muhaliugur/gpsurus/install/gpspackage/share/gpspackage/config
[5.802s] -- Installing: /home/muhaliugur/gpsurus/install/gpspackage/share/gpspackage/config/noktalarim.dbf
[5.802s] -- Installing: /home/muhaliugur/gpsurus/install/gpspackage/share/gpspackage/config/noktalarim.prj
[5.802s] -- Up-to-date: /home/muhaliugur/gpsurus/install/gpspackage/share/gpspackage/config/rota.qmd
[5.802s] -- Up-to-date: /home/muhaliugur/gpsurus/install/gpspackage/share/gpspackage/config/ekf.yaml
[5.802s] -- Installing: /home/muhaliugur/gpsurus/install/gpspackage/share/gpspackage/config/noktalarim.shx
[5.803s] -- Installing: /home/muhaliugur/gpsurus/install/gpspackage/share/gpspackage/config/noktalarim.cpg
[5.803s] -- Installing: /home/muhaliugur/gpsurus/install/gpspackage/share/gpspackage/config/noktalarim.shp
[5.803s] -- Up-to-date: /home/muhaliugur/gpsurus/install/gpspackage/share/gpspackage/config/rota.csv
[5.803s] -- Up-to-date: /home/muhaliugur/gpsurus/install/gpspackage/share/ament_index/resource_index/package_run_dependencies/gpspackage
[5.803s] -- Up-to-date: /home/muhaliugur/gpsurus/install/gpspackage/share/ament_index/resource_index/parent_prefix_path/gpspackage
[5.803s] -- Up-to-date: /home/muhaliugur/gpsurus/install/gpspackage/share/gpspackage/environment/ament_prefix_path.sh
[5.803s] -- Up-to-date: /home/muhaliugur/gpsurus/install/gpspackage/share/gpspackage/environment/ament_prefix_path.dsv
[5.803s] -- Up-to-date: /home/muhaliugur/gpsurus/install/gpspackage/share/gpspackage/environment/path.sh
[5.803s] -- Up-to-date: /home/muhaliugur/gpsurus/install/gpspackage/share/gpspackage/environment/path.dsv
[5.803s] -- Up-to-date: /home/muhaliugur/gpsurus/install/gpspackage/share/gpspackage/local_setup.bash
[5.803s] -- Up-to-date: /home/muhaliugur/gpsurus/install/gpspackage/share/gpspackage/local_setup.sh
[5.803s] -- Up-to-date: /home/muhaliugur/gpsurus/install/gpspackage/share/gpspackage/local_setup.zsh
[5.803s] -- Up-to-date: /home/muhaliugur/gpsurus/install/gpspackage/share/gpspackage/local_setup.dsv
[5.804s] -- Installing: /home/muhaliugur/gpsurus/install/gpspackage/share/gpspackage/package.dsv
[5.804s] -- Up-to-date: /home/muhaliugur/gpsurus/install/gpspackage/share/ament_index/resource_index/packages/gpspackage
[5.804s] -- Up-to-date: /home/muhaliugur/gpsurus/install/gpspackage/share/gpspackage/cmake/gpspackageConfig.cmake
[5.804s] -- Up-to-date: /home/muhaliugur/gpsurus/install/gpspackage/share/gpspackage/cmake/gpspackageConfig-version.cmake
[5.804s] -- Up-to-date: /home/muhaliugur/gpsurus/install/gpspackage/share/gpspackage/package.xml
[5.805s] Invoked command in '/home/muhaliugur/gpsurus/build/gpspackage' returned '0': CMAKE_PREFIX_PATH=${CMAKE_PREFIX_PATH}:/opt/ros/humble /usr/bin/cmake --install /home/muhaliugur/gpsurus/build/gpspackage
