[0.009s] Invoking command in '/home/muhaliugur/gpsurus/build/gpspackage': CMAKE_PREFIX_PATH=/opt/ros/humble /usr/bin/cmake --build /home/muhaliugur/gpsurus/build/gpspackage -- -j32 -l32
[0.065s] -- Found ament_cmake: 1.3.13 (/opt/ros/humble/share/ament_cmake/cmake)
[0.203s] -- Found rclcpp: 16.0.18 (/opt/ros/humble/share/rclcpp/cmake)
[0.228s] -- Found rosidl_generator_c: 3.1.8 (/opt/ros/humble/share/rosidl_generator_c/cmake)
[0.233s] -- Found rosidl_adapter: 3.1.8 (/opt/ros/humble/share/rosidl_adapter/cmake)
[0.239s] -- Found rosidl_generator_cpp: 3.1.8 (/opt/ros/humble/share/rosidl_generator_cpp/cmake)
[0.245s] -- Using all available rosidl_typesupport_c: rosidl_typesupport_fastrtps_c;rosidl_typesupport_introspection_c
[0.257s] -- Using all available rosidl_typesupport_cpp: rosidl_typesupport_fastrtps_cpp;rosidl_typesupport_introspection_cpp
[0.281s] -- Found rmw_implementation_cmake: 6.1.2 (/opt/ros/humble/share/rmw_implementation_cmake/cmake)
[0.283s] -- Found rmw_cyclonedds_cpp: 1.3.4 (/opt/ros/humble/share/rmw_cyclonedds_cpp/cmake)
[0.294s] -- Using RMW implementation 'rmw_cyclonedds_cpp' as default
[0.327s] -- Found nav_msgs: 4.9.1 (/opt/ros/humble/share/nav_msgs/cmake)
[0.343s] -- Found visualization_msgs: 4.9.1 (/opt/ros/humble/share/visualization_msgs/cmake)
[0.365s] -- Found std_srvs: 4.9.1 (/opt/ros/humble/share/std_srvs/cmake)
[0.422s] -- Configuring done
[0.424s] [33mCMake Warning (dev) at CMakeLists.txt:26 (add_executable):
[0.424s]   Policy CMP0115 is not set: Source file extensions must be explicit.  Run
[0.424s]   "cmake --help-policy CMP0115" for policy details.  Use the cmake_policy
[0.424s]   command to set the policy and suppress this warning.
[0.424s] 
[0.424s]   File:
[0.424s] 
[0.424s]     /home/muhaliugur/gpsurus/src/gpspackage/src/waypoint_logger.cpp.cpp
[0.424s] This warning is for project developers.  Use -Wno-dev to suppress it.
[0.424s] [0m
[0.432s] -- Generating done
[0.435s] -- Build files have been written to: /home/muhaliugur/gpsurus/build/gpspackage
[0.457s] [35m[1mConsolidate compiler generated dependencies of target pure_pursuit_node[0m
[0.458s] [35m[1mConsolidate compiler generated dependencies of target teensy_comm_node[0m
[0.469s] [ 16%] [32mBuilding CXX object CMakeFiles/waypoint_logger_node.dir/src/waypoint_logger.cpp.cpp.o[0m
[0.472s] [ 50%] Built target teensy_comm_node
[0.473s] [ 83%] Built target pure_pursuit_node
[4.418s] [100%] [32m[1mLinking CXX executable waypoint_logger_node[0m
[4.631s] [100%] Built target waypoint_logger_node
[4.642s] Invoked command in '/home/muhaliugur/gpsurus/build/gpspackage' returned '0': CMAKE_PREFIX_PATH=/opt/ros/humble /usr/bin/cmake --build /home/muhaliugur/gpsurus/build/gpspackage -- -j32 -l32
[4.652s] Invoking command in '/home/muhaliugur/gpsurus/build/gpspackage': CMAKE_PREFIX_PATH=/opt/ros/humble /usr/bin/cmake --install /home/muhaliugur/gpsurus/build/gpspackage
[4.659s] -- Install configuration: ""
[4.660s] -- Installing: /home/muhaliugur/gpsurus/install/gpspackage/lib/gpspackage/waypoint_logger_node
[4.662s] -- Set runtime path of "/home/muhaliugur/gpsurus/install/gpspackage/lib/gpspackage/waypoint_logger_node" to ""
[4.662s] -- Up-to-date: /home/muhaliugur/gpsurus/install/gpspackage/lib/gpspackage/pure_pursuit_node
[4.663s] -- Up-to-date: /home/muhaliugur/gpsurus/install/gpspackage/lib/gpspackage/teensy_comm_node
[4.663s] -- Up-to-date: /home/muhaliugur/gpsurus/install/gpspackage/share/gpspackage/launch
[4.663s] -- Up-to-date: /home/muhaliugur/gpsurus/install/gpspackage/share/gpspackage/launch/localization.launch.py
[4.663s] -- Up-to-date: /home/muhaliugur/gpsurus/install/gpspackage/share/gpspackage/config
[4.663s] -- Up-to-date: /home/muhaliugur/gpsurus/install/gpspackage/share/gpspackage/config/noktalarim.dbf
[4.663s] -- Up-to-date: /home/muhaliugur/gpsurus/install/gpspackage/share/gpspackage/config/deneme.shx
[4.663s] -- Up-to-date: /home/muhaliugur/gpsurus/install/gpspackage/share/gpspackage/config/noktalarim.prj
[4.663s] -- Up-to-date: /home/muhaliugur/gpsurus/install/gpspackage/share/gpspackage/config/rota.qmd
[4.663s] -- Up-to-date: /home/muhaliugur/gpsurus/install/gpspackage/share/gpspackage/config/deneme.prj
[4.663s] -- Up-to-date: /home/muhaliugur/gpsurus/install/gpspackage/share/gpspackage/config/rota2.shx
[4.663s] -- Up-to-date: /home/muhaliugur/gpsurus/install/gpspackage/share/gpspackage/config/rota2.shp
[4.663s] -- Up-to-date: /home/muhaliugur/gpsurus/install/gpspackage/share/gpspackage/config/rota2.prj
[4.663s] -- Up-to-date: /home/muhaliugur/gpsurus/install/gpspackage/share/gpspackage/config/ekf.yaml
[4.663s] -- Up-to-date: /home/muhaliugur/gpsurus/install/gpspackage/share/gpspackage/config/deneme.shp
[4.663s] -- Up-to-date: /home/muhaliugur/gpsurus/install/gpspackage/share/gpspackage/config/rota2.cpg
[4.663s] -- Up-to-date: /home/muhaliugur/gpsurus/install/gpspackage/share/gpspackage/config/deneme.cpg
[4.664s] -- Up-to-date: /home/muhaliugur/gpsurus/install/gpspackage/share/gpspackage/config/deneme.dbf
[4.664s] -- Up-to-date: /home/muhaliugur/gpsurus/install/gpspackage/share/gpspackage/config/noktalarim.shx
[4.664s] -- Up-to-date: /home/muhaliugur/gpsurus/install/gpspackage/share/gpspackage/config/rota2.dbf
[4.664s] -- Up-to-date: /home/muhaliugur/gpsurus/install/gpspackage/share/gpspackage/config/noktalarim.cpg
[4.664s] -- Up-to-date: /home/muhaliugur/gpsurus/install/gpspackage/share/gpspackage/config/rota.csvt
[4.664s] -- Up-to-date: /home/muhaliugur/gpsurus/install/gpspackage/share/gpspackage/config/rota.prj
[4.664s] -- Up-to-date: /home/muhaliugur/gpsurus/install/gpspackage/share/gpspackage/config/noktalarim.shp
[4.664s] -- Up-to-date: /home/muhaliugur/gpsurus/install/gpspackage/share/gpspackage/config/rota.csv
[4.664s] -- Up-to-date: /home/muhaliugur/gpsurus/install/gpspackage/share/ament_index/resource_index/package_run_dependencies/gpspackage
[4.664s] -- Up-to-date: /home/muhaliugur/gpsurus/install/gpspackage/share/ament_index/resource_index/parent_prefix_path/gpspackage
[4.664s] -- Up-to-date: /home/muhaliugur/gpsurus/install/gpspackage/share/gpspackage/environment/ament_prefix_path.sh
[4.664s] -- Installing: /home/muhaliugur/gpsurus/install/gpspackage/share/gpspackage/environment/ament_prefix_path.dsv
[4.664s] -- Up-to-date: /home/muhaliugur/gpsurus/install/gpspackage/share/gpspackage/environment/path.sh
[4.664s] -- Installing: /home/muhaliugur/gpsurus/install/gpspackage/share/gpspackage/environment/path.dsv
[4.664s] -- Up-to-date: /home/muhaliugur/gpsurus/install/gpspackage/share/gpspackage/local_setup.bash
[4.664s] -- Up-to-date: /home/muhaliugur/gpsurus/install/gpspackage/share/gpspackage/local_setup.sh
[4.665s] -- Up-to-date: /home/muhaliugur/gpsurus/install/gpspackage/share/gpspackage/local_setup.zsh
[4.665s] -- Installing: /home/muhaliugur/gpsurus/install/gpspackage/share/gpspackage/local_setup.dsv
[4.665s] -- Installing: /home/muhaliugur/gpsurus/install/gpspackage/share/gpspackage/package.dsv
[4.665s] -- Up-to-date: /home/muhaliugur/gpsurus/install/gpspackage/share/ament_index/resource_index/packages/gpspackage
[4.665s] -- Up-to-date: /home/muhaliugur/gpsurus/install/gpspackage/share/gpspackage/cmake/gpspackageConfig.cmake
[4.665s] -- Up-to-date: /home/muhaliugur/gpsurus/install/gpspackage/share/gpspackage/cmake/gpspackageConfig-version.cmake
[4.665s] -- Up-to-date: /home/muhaliugur/gpsurus/install/gpspackage/share/gpspackage/package.xml
[4.666s] Invoked command in '/home/muhaliugur/gpsurus/build/gpspackage' returned '0': CMAKE_PREFIX_PATH=/opt/ros/humble /usr/bin/cmake --install /home/muhaliugur/gpsurus/build/gpspackage
