[0.000000] (-) TimerEvent: {}
[0.000201] (gpspackage) JobQueued: {'identifier': 'gpspackage', 'dependencies': OrderedDict()}
[0.000232] (gpspackage) JobStarted: {'identifier': 'gpspackage'}
[0.005286] (gpspackage) JobProgress: {'identifier': 'gpspackage', 'progress': 'cmake'}
[0.005760] (gpspackage) JobProgress: {'identifier': 'gpspackage', 'progress': 'build'}
[0.006925] (gpspackage) Command: {'cmd': ['/usr/bin/cmake', '--build', '/home/muhaliugur/gpsurus/build/gpspackage', '--', '-j32', '-l32'], 'cwd': '/home/muhaliugur/gpsurus/build/gpspackage', 'env': OrderedDict([('USER', 'muhaliugur'), ('CCACHE_DIR', '/home/muhaliugur/.ccache'), ('XDG_SESSION_TYPE', 'x11'), ('SHLVL', '1'), ('LD_LIBRARY_PATH', '/usr/local/cuda/lib64:/usr/local/cuda/lib64:/opt/ros/humble/opt/zmqpp_vendor/lib:/opt/ros/humble/opt/rviz_ogre_vendor/lib:/opt/ros/humble/lib/x86_64-linux-gnu:/opt/ros/humble/lib'), ('HOME', '/home/muhaliugur'), ('OLDPWD', '/home/muhaliugur'), ('DESKTOP_SESSION', 'pop'), ('ROS_PYTHON_VERSION', '3'), ('GNOME_SHELL_SESSION_MODE', 'pop'), ('GTK_MODULES', 'gail:atk-bridge'), ('CUDA_TOOLKIT_ROOT_DIR', '/usr/local/cuda'), ('SYSTEMD_EXEC_PID', '6246'), ('DBUS_SESSION_BUS_ADDRESS', 'unix:path=/run/user/1000/bus'), ('COLORTERM', 'truecolor'), ('ROS_DISTRO', 'humble'), ('GTK_IM_MODULE', 'ibus'), ('LOGNAME', 'muhaliugur'), ('_', '/usr/bin/colcon'), ('ROS_VERSION', '2'), ('XDG_SESSION_CLASS', 'user'), ('USERNAME', 'muhaliugur'), ('TERM', 'xterm-256color'), ('GNOME_DESKTOP_SESSION_ID', 'this-is-deprecated'), ('ROS_LOCALHOST_ONLY', '1'), ('WINDOWPATH', '2'), ('PATH', '/usr/local/cuda/bin:/home/muhaliugur/.local/bin:/usr/local/cuda/bin:/opt/ros/humble/bin:/usr/local/sbin:/usr/local/bin:/usr/sbin:/usr/bin:/sbin:/bin:/usr/games:/usr/local/games:/snap/bin'), ('SESSION_MANAGER', 'local/pop-os:@/tmp/.ICE-unix/2387,unix/pop-os:/tmp/.ICE-unix/2387'), ('XDG_MENU_PREFIX', 'gnome-'), ('GNOME_TERMINAL_SCREEN', '/org/gnome/Terminal/screen/83cafff9_5e5a_48e2_81df_10e5fc304700'), ('XDG_RUNTIME_DIR', '/run/user/1000'), ('DISPLAY', ':1'), ('LANG', 'en_US.UTF-8'), ('XDG_CURRENT_DESKTOP', 'pop:GNOME'), ('RMW_IMPLEMENTATION', 'rmw_cyclonedds_cpp'), ('XMODIFIERS', '@im=ibus'), ('XDG_SESSION_DESKTOP', 'pop'), ('XAUTHORITY', '/run/user/1000/gdm/Xauthority'), ('GNOME_TERMINAL_SERVICE', ':1.114'), ('SSH_AGENT_LAUNCHER', 'gnome-keyring'), ('SSH_AUTH_SOCK', '/run/user/1000/keyring/ssh'), ('ROS_DOMAIN_ID', '34'), ('AMENT_PREFIX_PATH', '/opt/ros/humble'), ('SHELL', '/bin/bash'), ('QT_ACCESSIBILITY', '1'), ('CXX', '/usr/lib/ccache/g++'), ('GDMSESSION', 'pop'), ('GPG_AGENT_INFO', '/run/user/1000/gnupg/S.gpg-agent:0:1'), ('QT_IM_MODULE', 'ibus'), ('PWD', '/home/muhaliugur/gpsurus/build/gpspackage'), ('XDG_CONFIG_DIRS', '/etc/xdg/xdg-pop:/etc/xdg'), ('XDG_DATA_DIRS', '/usr/share/pop:/usr/share/gnome:/home/muhaliugur/.local/share/flatpak/exports/share:/var/lib/flatpak/exports/share:/usr/local/share/:/usr/share/'), ('PYTHONPATH', '/opt/ros/humble/lib/python3.10/site-packages:/opt/ros/humble/local/lib/python3.10/dist-packages'), ('CC', '/usr/lib/ccache/gcc'), ('COLCON', '1'), ('VTE_VERSION', '6800'), ('CMAKE_PREFIX_PATH', '/opt/ros/humble')]), 'shell': False}
[0.049821] (gpspackage) StdoutLine: {'line': b'\x1b[35m\x1b[1mConsolidate compiler generated dependencies of target pure_pursuit_node\x1b[0m\n'}
[0.064637] (gpspackage) StdoutLine: {'line': b'[ 33%] Built target teensy_comm_node\n'}
[0.066978] (gpspackage) StdoutLine: {'line': b'[ 66%] Built target waypoint_logger_node\n'}
[0.067438] (gpspackage) StdoutLine: {'line': b'[ 83%] \x1b[32mBuilding CXX object CMakeFiles/pure_pursuit_node.dir/src/pure_pursuit.cpp.o\x1b[0m\n'}
[0.099564] (-) TimerEvent: {}
[0.199846] (-) TimerEvent: {}
[0.300113] (-) TimerEvent: {}
[0.400408] (-) TimerEvent: {}
[0.500746] (-) TimerEvent: {}
[0.601210] (-) TimerEvent: {}
[0.701514] (-) TimerEvent: {}
[0.801820] (-) TimerEvent: {}
[0.902198] (-) TimerEvent: {}
[1.002522] (-) TimerEvent: {}
[1.102844] (-) TimerEvent: {}
[1.203158] (-) TimerEvent: {}
[1.303470] (-) TimerEvent: {}
[1.403804] (-) TimerEvent: {}
[1.504133] (-) TimerEvent: {}
[1.604389] (-) TimerEvent: {}
[1.704705] (-) TimerEvent: {}
[1.805127] (-) TimerEvent: {}
[1.905455] (-) TimerEvent: {}
[2.005815] (-) TimerEvent: {}
[2.106112] (-) TimerEvent: {}
[2.206420] (-) TimerEvent: {}
[2.306736] (-) TimerEvent: {}
[2.407054] (-) TimerEvent: {}
[2.507374] (-) TimerEvent: {}
[2.607701] (-) TimerEvent: {}
[2.708018] (-) TimerEvent: {}
[2.808332] (-) TimerEvent: {}
[2.908646] (-) TimerEvent: {}
[3.008974] (-) TimerEvent: {}
[3.109275] (-) TimerEvent: {}
[3.209597] (-) TimerEvent: {}
[3.309937] (-) TimerEvent: {}
[3.410188] (-) TimerEvent: {}
[3.510501] (-) TimerEvent: {}
[3.610801] (-) TimerEvent: {}
[3.711100] (-) TimerEvent: {}
[3.811304] (-) TimerEvent: {}
[3.911599] (-) TimerEvent: {}
[4.011842] (-) TimerEvent: {}
[4.112126] (-) TimerEvent: {}
[4.212420] (-) TimerEvent: {}
[4.312702] (-) TimerEvent: {}
[4.412908] (-) TimerEvent: {}
[4.513129] (-) TimerEvent: {}
[4.613429] (-) TimerEvent: {}
[4.713725] (-) TimerEvent: {}
[4.813931] (-) TimerEvent: {}
[4.914226] (-) TimerEvent: {}
[5.014537] (-) TimerEvent: {}
[5.114830] (-) TimerEvent: {}
[5.215121] (-) TimerEvent: {}
[5.315424] (-) TimerEvent: {}
[5.415734] (-) TimerEvent: {}
[5.516053] (-) TimerEvent: {}
[5.600993] (gpspackage) StdoutLine: {'line': b'[100%] \x1b[32m\x1b[1mLinking CXX executable pure_pursuit_node\x1b[0m\n'}
[5.616162] (-) TimerEvent: {}
[5.716406] (-) TimerEvent: {}
[5.816748] (-) TimerEvent: {}
[5.895594] (gpspackage) StdoutLine: {'line': b'[100%] Built target pure_pursuit_node\n'}
[5.904681] (gpspackage) CommandEnded: {'returncode': 0}
[5.905591] (gpspackage) JobProgress: {'identifier': 'gpspackage', 'progress': 'install'}
[5.914615] (gpspackage) Command: {'cmd': ['/usr/bin/cmake', '--install', '/home/muhaliugur/gpsurus/build/gpspackage'], 'cwd': '/home/muhaliugur/gpsurus/build/gpspackage', 'env': OrderedDict([('USER', 'muhaliugur'), ('CCACHE_DIR', '/home/muhaliugur/.ccache'), ('XDG_SESSION_TYPE', 'x11'), ('SHLVL', '1'), ('LD_LIBRARY_PATH', '/usr/local/cuda/lib64:/usr/local/cuda/lib64:/opt/ros/humble/opt/zmqpp_vendor/lib:/opt/ros/humble/opt/rviz_ogre_vendor/lib:/opt/ros/humble/lib/x86_64-linux-gnu:/opt/ros/humble/lib'), ('HOME', '/home/muhaliugur'), ('OLDPWD', '/home/muhaliugur'), ('DESKTOP_SESSION', 'pop'), ('ROS_PYTHON_VERSION', '3'), ('GNOME_SHELL_SESSION_MODE', 'pop'), ('GTK_MODULES', 'gail:atk-bridge'), ('CUDA_TOOLKIT_ROOT_DIR', '/usr/local/cuda'), ('SYSTEMD_EXEC_PID', '6246'), ('DBUS_SESSION_BUS_ADDRESS', 'unix:path=/run/user/1000/bus'), ('COLORTERM', 'truecolor'), ('ROS_DISTRO', 'humble'), ('GTK_IM_MODULE', 'ibus'), ('LOGNAME', 'muhaliugur'), ('_', '/usr/bin/colcon'), ('ROS_VERSION', '2'), ('XDG_SESSION_CLASS', 'user'), ('USERNAME', 'muhaliugur'), ('TERM', 'xterm-256color'), ('GNOME_DESKTOP_SESSION_ID', 'this-is-deprecated'), ('ROS_LOCALHOST_ONLY', '1'), ('WINDOWPATH', '2'), ('PATH', '/usr/local/cuda/bin:/home/muhaliugur/.local/bin:/usr/local/cuda/bin:/opt/ros/humble/bin:/usr/local/sbin:/usr/local/bin:/usr/sbin:/usr/bin:/sbin:/bin:/usr/games:/usr/local/games:/snap/bin'), ('SESSION_MANAGER', 'local/pop-os:@/tmp/.ICE-unix/2387,unix/pop-os:/tmp/.ICE-unix/2387'), ('XDG_MENU_PREFIX', 'gnome-'), ('GNOME_TERMINAL_SCREEN', '/org/gnome/Terminal/screen/83cafff9_5e5a_48e2_81df_10e5fc304700'), ('XDG_RUNTIME_DIR', '/run/user/1000'), ('DISPLAY', ':1'), ('LANG', 'en_US.UTF-8'), ('XDG_CURRENT_DESKTOP', 'pop:GNOME'), ('RMW_IMPLEMENTATION', 'rmw_cyclonedds_cpp'), ('XMODIFIERS', '@im=ibus'), ('XDG_SESSION_DESKTOP', 'pop'), ('XAUTHORITY', '/run/user/1000/gdm/Xauthority'), ('GNOME_TERMINAL_SERVICE', ':1.114'), ('SSH_AGENT_LAUNCHER', 'gnome-keyring'), ('SSH_AUTH_SOCK', '/run/user/1000/keyring/ssh'), ('ROS_DOMAIN_ID', '34'), ('AMENT_PREFIX_PATH', '/opt/ros/humble'), ('SHELL', '/bin/bash'), ('QT_ACCESSIBILITY', '1'), ('CXX', '/usr/lib/ccache/g++'), ('GDMSESSION', 'pop'), ('GPG_AGENT_INFO', '/run/user/1000/gnupg/S.gpg-agent:0:1'), ('QT_IM_MODULE', 'ibus'), ('PWD', '/home/muhaliugur/gpsurus/build/gpspackage'), ('XDG_CONFIG_DIRS', '/etc/xdg/xdg-pop:/etc/xdg'), ('XDG_DATA_DIRS', '/usr/share/pop:/usr/share/gnome:/home/muhaliugur/.local/share/flatpak/exports/share:/var/lib/flatpak/exports/share:/usr/local/share/:/usr/share/'), ('PYTHONPATH', '/opt/ros/humble/lib/python3.10/site-packages:/opt/ros/humble/local/lib/python3.10/dist-packages'), ('CC', '/usr/lib/ccache/gcc'), ('COLCON', '1'), ('VTE_VERSION', '6800'), ('CMAKE_PREFIX_PATH', '/opt/ros/humble')]), 'shell': False}
[5.916864] (-) TimerEvent: {}
[5.924686] (gpspackage) StdoutLine: {'line': b'-- Install configuration: ""\n'}
[5.924853] (gpspackage) StdoutLine: {'line': b'-- Installing: /home/muhaliugur/gpsurus/install/gpspackage/lib/gpspackage/pure_pursuit_node\n'}
[5.928500] (gpspackage) StdoutLine: {'line': b'-- Set runtime path of "/home/muhaliugur/gpsurus/install/gpspackage/lib/gpspackage/pure_pursuit_node" to ""\n'}
[5.928656] (gpspackage) StdoutLine: {'line': b'-- Up-to-date: /home/muhaliugur/gpsurus/install/gpspackage/lib/gpspackage/teensy_comm_node\n'}
[5.928696] (gpspackage) StdoutLine: {'line': b'-- Up-to-date: /home/muhaliugur/gpsurus/install/gpspackage/lib/gpspackage/waypoint_logger_node\n'}
[5.928893] (gpspackage) StdoutLine: {'line': b'-- Up-to-date: /home/muhaliugur/gpsurus/install/gpspackage/share/gpspackage/launch\n'}
[5.929032] (gpspackage) StdoutLine: {'line': b'-- Up-to-date: /home/muhaliugur/gpsurus/install/gpspackage/share/gpspackage/launch/localization.launch.py\n'}
[5.929075] (gpspackage) StdoutLine: {'line': b'-- Up-to-date: /home/muhaliugur/gpsurus/install/gpspackage/share/gpspackage/config\n'}
[5.929110] (gpspackage) StdoutLine: {'line': b'-- Up-to-date: /home/muhaliugur/gpsurus/install/gpspackage/share/gpspackage/config/noktalarim.dbf\n'}
[5.929143] (gpspackage) StdoutLine: {'line': b'-- Up-to-date: /home/muhaliugur/gpsurus/install/gpspackage/share/gpspackage/config/deneme.shx\n'}
[5.929175] (gpspackage) StdoutLine: {'line': b'-- Up-to-date: /home/muhaliugur/gpsurus/install/gpspackage/share/gpspackage/config/noktalarim.prj\n'}
[5.929206] (gpspackage) StdoutLine: {'line': b'-- Up-to-date: /home/muhaliugur/gpsurus/install/gpspackage/share/gpspackage/config/rota.qmd\n'}
[5.929236] (gpspackage) StdoutLine: {'line': b'-- Up-to-date: /home/muhaliugur/gpsurus/install/gpspackage/share/gpspackage/config/deneme.prj\n'}
[5.929266] (gpspackage) StdoutLine: {'line': b'-- Up-to-date: /home/muhaliugur/gpsurus/install/gpspackage/share/gpspackage/config/rota2.shx\n'}
[5.929295] (gpspackage) StdoutLine: {'line': b'-- Up-to-date: /home/muhaliugur/gpsurus/install/gpspackage/share/gpspackage/config/rota2.shp\n'}
[5.929327] (gpspackage) StdoutLine: {'line': b'-- Up-to-date: /home/muhaliugur/gpsurus/install/gpspackage/share/gpspackage/config/rota2.prj\n'}
[5.929357] (gpspackage) StdoutLine: {'line': b'-- Up-to-date: /home/muhaliugur/gpsurus/install/gpspackage/share/gpspackage/config/ekf.yaml\n'}
[5.929387] (gpspackage) StdoutLine: {'line': b'-- Up-to-date: /home/muhaliugur/gpsurus/install/gpspackage/share/gpspackage/config/deneme.shp\n'}
[5.929417] (gpspackage) StdoutLine: {'line': b'-- Up-to-date: /home/muhaliugur/gpsurus/install/gpspackage/share/gpspackage/config/rota2.cpg\n'}
[5.929447] (gpspackage) StdoutLine: {'line': b'-- Up-to-date: /home/muhaliugur/gpsurus/install/gpspackage/share/gpspackage/config/deneme.cpg\n'}
[5.929476] (gpspackage) StdoutLine: {'line': b'-- Up-to-date: /home/muhaliugur/gpsurus/install/gpspackage/share/gpspackage/config/deneme.dbf\n'}
[5.929505] (gpspackage) StdoutLine: {'line': b'-- Up-to-date: /home/muhaliugur/gpsurus/install/gpspackage/share/gpspackage/config/noktalarim.shx\n'}
[5.929533] (gpspackage) StdoutLine: {'line': b'-- Up-to-date: /home/muhaliugur/gpsurus/install/gpspackage/share/gpspackage/config/rota2.dbf\n'}
[5.929561] (gpspackage) StdoutLine: {'line': b'-- Up-to-date: /home/muhaliugur/gpsurus/install/gpspackage/share/gpspackage/config/noktalarim.cpg\n'}
[5.929589] (gpspackage) StdoutLine: {'line': b'-- Up-to-date: /home/muhaliugur/gpsurus/install/gpspackage/share/gpspackage/config/rota.csvt\n'}
[5.929617] (gpspackage) StdoutLine: {'line': b'-- Up-to-date: /home/muhaliugur/gpsurus/install/gpspackage/share/gpspackage/config/kendi_rotam.csv\n'}
[5.929645] (gpspackage) StdoutLine: {'line': b'-- Up-to-date: /home/muhaliugur/gpsurus/install/gpspackage/share/gpspackage/config/rota.prj\n'}
[5.929688] (gpspackage) StdoutLine: {'line': b'-- Up-to-date: /home/muhaliugur/gpsurus/install/gpspackage/share/gpspackage/config/noktalarim.shp\n'}
[5.929724] (gpspackage) StdoutLine: {'line': b'-- Up-to-date: /home/muhaliugur/gpsurus/install/gpspackage/share/gpspackage/config/rota.csv\n'}
[5.929754] (gpspackage) StdoutLine: {'line': b'-- Up-to-date: /home/muhaliugur/gpsurus/install/gpspackage/share/ament_index/resource_index/package_run_dependencies/gpspackage\n'}
[5.929784] (gpspackage) StdoutLine: {'line': b'-- Up-to-date: /home/muhaliugur/gpsurus/install/gpspackage/share/ament_index/resource_index/parent_prefix_path/gpspackage\n'}
[5.929844] (gpspackage) StdoutLine: {'line': b'-- Up-to-date: /home/muhaliugur/gpsurus/install/gpspackage/share/gpspackage/environment/ament_prefix_path.sh\n'}
[5.929872] (gpspackage) StdoutLine: {'line': b'-- Up-to-date: /home/muhaliugur/gpsurus/install/gpspackage/share/gpspackage/environment/ament_prefix_path.dsv\n'}
[5.929898] (gpspackage) StdoutLine: {'line': b'-- Up-to-date: /home/muhaliugur/gpsurus/install/gpspackage/share/gpspackage/environment/path.sh\n'}
[5.929926] (gpspackage) StdoutLine: {'line': b'-- Up-to-date: /home/muhaliugur/gpsurus/install/gpspackage/share/gpspackage/environment/path.dsv\n'}
[5.929952] (gpspackage) StdoutLine: {'line': b'-- Up-to-date: /home/muhaliugur/gpsurus/install/gpspackage/share/gpspackage/local_setup.bash\n'}
[5.929978] (gpspackage) StdoutLine: {'line': b'-- Up-to-date: /home/muhaliugur/gpsurus/install/gpspackage/share/gpspackage/local_setup.sh\n'}
[5.930004] (gpspackage) StdoutLine: {'line': b'-- Up-to-date: /home/muhaliugur/gpsurus/install/gpspackage/share/gpspackage/local_setup.zsh\n'}
[5.930033] (gpspackage) StdoutLine: {'line': b'-- Up-to-date: /home/muhaliugur/gpsurus/install/gpspackage/share/gpspackage/local_setup.dsv\n'}
[5.930060] (gpspackage) StdoutLine: {'line': b'-- Installing: /home/muhaliugur/gpsurus/install/gpspackage/share/gpspackage/package.dsv\n'}
[5.930130] (gpspackage) StdoutLine: {'line': b'-- Up-to-date: /home/muhaliugur/gpsurus/install/gpspackage/share/ament_index/resource_index/packages/gpspackage\n'}
[5.930163] (gpspackage) StdoutLine: {'line': b'-- Up-to-date: /home/muhaliugur/gpsurus/install/gpspackage/share/gpspackage/cmake/gpspackageConfig.cmake\n'}
[5.930192] (gpspackage) StdoutLine: {'line': b'-- Up-to-date: /home/muhaliugur/gpsurus/install/gpspackage/share/gpspackage/cmake/gpspackageConfig-version.cmake\n'}
[5.930218] (gpspackage) StdoutLine: {'line': b'-- Up-to-date: /home/muhaliugur/gpsurus/install/gpspackage/share/gpspackage/package.xml\n'}
[5.930830] (gpspackage) CommandEnded: {'returncode': 0}
[5.949492] (gpspackage) JobEnded: {'identifier': 'gpspackage', 'rc': 0}
[5.950115] (-) EventReactorShutdown: {}
