[0.005s] Invoking command in '/home/muhaliugur/gpsurus/build/gpspackage': CMAKE_PREFIX_PATH=/opt/ros/humble /usr/bin/cmake --build /home/muhaliugur/gpsurus/build/gpspackage -- -j32 -l32
[0.055s] [ 33%] Built target teensy_comm_node
[0.057s] [ 66%] Built target gps_node
[0.057s] [ 83%] [32mBuilding CXX object CMakeFiles/pure_pursuit_node.dir/src/pure_pursuit.cpp.o[0m
[4.685s] [100%] [32m[1mLinking CXX executable pure_pursuit_node[0m
[4.935s] [100%] Built target pure_pursuit_node
[4.944s] Invoked command in '/home/muhaliugur/gpsurus/build/gpspackage' returned '0': CMAKE_PREFIX_PATH=/opt/ros/humble /usr/bin/cmake --build /home/muhaliugur/gpsurus/build/gpspackage -- -j32 -l32
[4.949s] Invoking command in '/home/muhaliugur/gpsurus/build/gpspackage': CMAKE_PREFIX_PATH=/opt/ros/humble /usr/bin/cmake --install /home/muhaliugur/gpsurus/build/gpspackage
[4.957s] -- Install configuration: ""
[4.958s] -- Up-to-date: /home/muhaliugur/gpsurus/install/gpspackage/lib/gpspackage/gps_node
[4.958s] -- Installing: /home/muhaliugur/gpsurus/install/gpspackage/lib/gpspackage/pure_pursuit_node
[4.961s] -- Set runtime path of "/home/muhaliugur/gpsurus/install/gpspackage/lib/gpspackage/pure_pursuit_node" to ""
[4.961s] -- Up-to-date: /home/muhaliugur/gpsurus/install/gpspackage/lib/gpspackage/teensy_comm_node
[4.961s] -- Up-to-date: /home/muhaliugur/gpsurus/install/gpspackage/share/gpspackage/launch
[4.961s] -- Up-to-date: /home/muhaliugur/gpsurus/install/gpspackage/share/gpspackage/launch/localization.launch.py
[4.961s] -- Up-to-date: /home/muhaliugur/gpsurus/install/gpspackage/share/gpspackage/config
[4.961s] -- Up-to-date: /home/muhaliugur/gpsurus/install/gpspackage/share/gpspackage/config/rota.qmd
[4.961s] -- Up-to-date: /home/muhaliugur/gpsurus/install/gpspackage/share/gpspackage/config/ekf.yaml
[4.962s] -- Up-to-date: /home/muhaliugur/gpsurus/install/gpspackage/share/gpspackage/config/rota.csv
[4.962s] -- Up-to-date: /home/muhaliugur/gpsurus/install/gpspackage/share/ament_index/resource_index/package_run_dependencies/gpspackage
[4.962s] -- Up-to-date: /home/muhaliugur/gpsurus/install/gpspackage/share/ament_index/resource_index/parent_prefix_path/gpspackage
[4.962s] -- Up-to-date: /home/muhaliugur/gpsurus/install/gpspackage/share/gpspackage/environment/ament_prefix_path.sh
[4.962s] -- Up-to-date: /home/muhaliugur/gpsurus/install/gpspackage/share/gpspackage/environment/ament_prefix_path.dsv
[4.962s] -- Up-to-date: /home/muhaliugur/gpsurus/install/gpspackage/share/gpspackage/environment/path.sh
[4.962s] -- Up-to-date: /home/muhaliugur/gpsurus/install/gpspackage/share/gpspackage/environment/path.dsv
[4.962s] -- Up-to-date: /home/muhaliugur/gpsurus/install/gpspackage/share/gpspackage/local_setup.bash
[4.962s] -- Up-to-date: /home/muhaliugur/gpsurus/install/gpspackage/share/gpspackage/local_setup.sh
[4.962s] -- Up-to-date: /home/muhaliugur/gpsurus/install/gpspackage/share/gpspackage/local_setup.zsh
[4.962s] -- Up-to-date: /home/muhaliugur/gpsurus/install/gpspackage/share/gpspackage/local_setup.dsv
[4.962s] -- Installing: /home/muhaliugur/gpsurus/install/gpspackage/share/gpspackage/package.dsv
[4.962s] -- Up-to-date: /home/muhaliugur/gpsurus/install/gpspackage/share/ament_index/resource_index/packages/gpspackage
[4.962s] -- Up-to-date: /home/muhaliugur/gpsurus/install/gpspackage/share/gpspackage/cmake/gpspackageConfig.cmake
[4.962s] -- Up-to-date: /home/muhaliugur/gpsurus/install/gpspackage/share/gpspackage/cmake/gpspackageConfig-version.cmake
[4.962s] -- Up-to-date: /home/muhaliugur/gpsurus/install/gpspackage/share/gpspackage/package.xml
[4.964s] Invoked command in '/home/muhaliugur/gpsurus/build/gpspackage' returned '0': CMAKE_PREFIX_PATH=/opt/ros/humble /usr/bin/cmake --install /home/muhaliugur/gpsurus/build/gpspackage
