[0.000000] (-) TimerEvent: {}
[0.000220] (gpspackage) JobQueued: {'identifier': 'gpspackage', 'dependencies': OrderedDict()}
[0.000498] (gpspackage) JobStarted: {'identifier': 'gpspackage'}
[0.005959] (gpspackage) JobProgress: {'identifier': 'gpspackage', 'progress': 'cmake'}
[0.007047] (gpspackage) JobProgress: {'identifier': 'gpspackage', 'progress': 'build'}
[0.007132] (gpspackage) Command: {'cmd': ['/usr/bin/cmake', '--build', '/home/muhaliugur/gpsurus/build/gpspackage', '--', '-j32', '-l32'], 'cwd': '/home/muhaliugur/gpsurus/build/gpspackage', 'env': OrderedDict([('USER', 'muhaliugur'), ('CCACHE_DIR', '/home/muhaliugur/.ccache'), ('XDG_SESSION_TYPE', 'x11'), ('SHLVL', '1'), ('LD_LIBRARY_PATH', '/usr/local/cuda/lib64:/usr/local/cuda/lib64:/opt/ros/humble/opt/zmqpp_vendor/lib:/opt/ros/humble/opt/rviz_ogre_vendor/lib:/opt/ros/humble/lib/x86_64-linux-gnu:/opt/ros/humble/lib'), ('HOME', '/home/muhaliugur'), ('OLDPWD', '/home/muhaliugur'), ('DESKTOP_SESSION', 'pop'), ('ROS_PYTHON_VERSION', '3'), ('GNOME_SHELL_SESSION_MODE', 'pop'), ('GTK_MODULES', 'gail:atk-bridge'), ('CUDA_TOOLKIT_ROOT_DIR', '/usr/local/cuda'), ('SYSTEMD_EXEC_PID', '5511'), ('DBUS_SESSION_BUS_ADDRESS', 'unix:path=/run/user/1000/bus'), ('COLORTERM', 'truecolor'), ('ROS_DISTRO', 'humble'), ('GTK_IM_MODULE', 'ibus'), ('LOGNAME', 'muhaliugur'), ('_', '/usr/bin/colcon'), ('ROS_VERSION', '2'), ('XDG_SESSION_CLASS', 'user'), ('USERNAME', 'muhaliugur'), ('TERM', 'xterm-256color'), ('GNOME_DESKTOP_SESSION_ID', 'this-is-deprecated'), ('ROS_LOCALHOST_ONLY', '1'), ('WINDOWPATH', '2'), ('PATH', '/usr/local/cuda/bin:/home/muhaliugur/.local/bin:/usr/local/cuda/bin:/opt/ros/humble/bin:/usr/local/sbin:/usr/local/bin:/usr/sbin:/usr/bin:/sbin:/bin:/usr/games:/usr/local/games:/snap/bin'), ('SESSION_MANAGER', 'local/pop-os:@/tmp/.ICE-unix/2347,unix/pop-os:/tmp/.ICE-unix/2347'), ('XDG_MENU_PREFIX', 'gnome-'), ('GNOME_TERMINAL_SCREEN', '/org/gnome/Terminal/screen/e30f82c6_c19c_4c1c_ade6_bf7e5be0af9b'), ('XDG_RUNTIME_DIR', '/run/user/1000'), ('DISPLAY', ':1'), ('LANG', 'en_US.UTF-8'), ('XDG_CURRENT_DESKTOP', 'pop:GNOME'), ('RMW_IMPLEMENTATION', 'rmw_cyclonedds_cpp'), ('XMODIFIERS', '@im=ibus'), ('XDG_SESSION_DESKTOP', 'pop'), ('XAUTHORITY', '/run/user/1000/gdm/Xauthority'), ('GNOME_TERMINAL_SERVICE', ':1.110'), ('SSH_AGENT_LAUNCHER', 'gnome-keyring'), ('SSH_AUTH_SOCK', '/run/user/1000/keyring/ssh'), ('ROS_DOMAIN_ID', '34'), ('AMENT_PREFIX_PATH', '/opt/ros/humble'), ('SHELL', '/bin/bash'), ('QT_ACCESSIBILITY', '1'), ('CXX', '/usr/lib/ccache/g++'), ('GDMSESSION', 'pop'), ('GPG_AGENT_INFO', '/run/user/1000/gnupg/S.gpg-agent:0:1'), ('QT_IM_MODULE', 'ibus'), ('PWD', '/home/muhaliugur/gpsurus/build/gpspackage'), ('XDG_CONFIG_DIRS', '/etc/xdg/xdg-pop:/etc/xdg'), ('XDG_DATA_DIRS', '/usr/share/pop:/usr/share/gnome:/home/muhaliugur/.local/share/flatpak/exports/share:/var/lib/flatpak/exports/share:/usr/local/share/:/usr/share/'), ('PYTHONPATH', '/opt/ros/humble/lib/python3.10/site-packages:/opt/ros/humble/local/lib/python3.10/dist-packages'), ('CC', '/usr/lib/ccache/gcc'), ('COLCON', '1'), ('VTE_VERSION', '6800'), ('CMAKE_PREFIX_PATH', '/opt/ros/humble')]), 'shell': False}
[0.061991] (gpspackage) StdoutLine: {'line': b'[ 50%] Built target teensy_comm_node\n'}
[0.064976] (gpspackage) StdoutLine: {'line': b'[ 75%] \x1b[32mBuilding CXX object CMakeFiles/pure_pursuit_node.dir/src/pure_pursuit.cpp.o\x1b[0m\n'}
[0.099871] (-) TimerEvent: {}
[0.200118] (-) TimerEvent: {}
[0.300327] (-) TimerEvent: {}
[0.400550] (-) TimerEvent: {}
[0.500773] (-) TimerEvent: {}
[0.601001] (-) TimerEvent: {}
[0.701218] (-) TimerEvent: {}
[0.801655] (-) TimerEvent: {}
[0.901985] (-) TimerEvent: {}
[1.002313] (-) TimerEvent: {}
[1.102624] (-) TimerEvent: {}
[1.202873] (-) TimerEvent: {}
[1.303189] (-) TimerEvent: {}
[1.403657] (-) TimerEvent: {}
[1.503910] (-) TimerEvent: {}
[1.604152] (-) TimerEvent: {}
[1.704369] (-) TimerEvent: {}
[1.804664] (-) TimerEvent: {}
[1.904924] (-) TimerEvent: {}
[2.005245] (-) TimerEvent: {}
[2.105558] (-) TimerEvent: {}
[2.205800] (-) TimerEvent: {}
[2.306050] (-) TimerEvent: {}
[2.406216] (-) TimerEvent: {}
[2.506548] (-) TimerEvent: {}
[2.606868] (-) TimerEvent: {}
[2.707203] (-) TimerEvent: {}
[2.807519] (-) TimerEvent: {}
[2.907761] (-) TimerEvent: {}
[3.008004] (-) TimerEvent: {}
[3.108316] (-) TimerEvent: {}
[3.208579] (-) TimerEvent: {}
[3.308803] (-) TimerEvent: {}
[3.409096] (-) TimerEvent: {}
[3.509510] (-) TimerEvent: {}
[3.609802] (-) TimerEvent: {}
[3.710103] (-) TimerEvent: {}
[3.810459] (-) TimerEvent: {}
[3.910687] (-) TimerEvent: {}
[4.010981] (-) TimerEvent: {}
[4.111277] (-) TimerEvent: {}
[4.211483] (-) TimerEvent: {}
[4.311812] (-) TimerEvent: {}
[4.412158] (-) TimerEvent: {}
[4.512511] (-) TimerEvent: {}
[4.535952] (gpspackage) StdoutLine: {'line': b'[100%] \x1b[32m\x1b[1mLinking CXX executable pure_pursuit_node\x1b[0m\n'}
[4.612653] (-) TimerEvent: {}
[4.713028] (-) TimerEvent: {}
[4.784891] (gpspackage) StdoutLine: {'line': b'[100%] Built target pure_pursuit_node\n'}
[4.792579] (gpspackage) CommandEnded: {'returncode': 0}
[4.793057] (gpspackage) JobProgress: {'identifier': 'gpspackage', 'progress': 'install'}
[4.802391] (gpspackage) Command: {'cmd': ['/usr/bin/cmake', '--install', '/home/muhaliugur/gpsurus/build/gpspackage'], 'cwd': '/home/muhaliugur/gpsurus/build/gpspackage', 'env': OrderedDict([('USER', 'muhaliugur'), ('CCACHE_DIR', '/home/muhaliugur/.ccache'), ('XDG_SESSION_TYPE', 'x11'), ('SHLVL', '1'), ('LD_LIBRARY_PATH', '/usr/local/cuda/lib64:/usr/local/cuda/lib64:/opt/ros/humble/opt/zmqpp_vendor/lib:/opt/ros/humble/opt/rviz_ogre_vendor/lib:/opt/ros/humble/lib/x86_64-linux-gnu:/opt/ros/humble/lib'), ('HOME', '/home/muhaliugur'), ('OLDPWD', '/home/muhaliugur'), ('DESKTOP_SESSION', 'pop'), ('ROS_PYTHON_VERSION', '3'), ('GNOME_SHELL_SESSION_MODE', 'pop'), ('GTK_MODULES', 'gail:atk-bridge'), ('CUDA_TOOLKIT_ROOT_DIR', '/usr/local/cuda'), ('SYSTEMD_EXEC_PID', '5511'), ('DBUS_SESSION_BUS_ADDRESS', 'unix:path=/run/user/1000/bus'), ('COLORTERM', 'truecolor'), ('ROS_DISTRO', 'humble'), ('GTK_IM_MODULE', 'ibus'), ('LOGNAME', 'muhaliugur'), ('_', '/usr/bin/colcon'), ('ROS_VERSION', '2'), ('XDG_SESSION_CLASS', 'user'), ('USERNAME', 'muhaliugur'), ('TERM', 'xterm-256color'), ('GNOME_DESKTOP_SESSION_ID', 'this-is-deprecated'), ('ROS_LOCALHOST_ONLY', '1'), ('WINDOWPATH', '2'), ('PATH', '/usr/local/cuda/bin:/home/muhaliugur/.local/bin:/usr/local/cuda/bin:/opt/ros/humble/bin:/usr/local/sbin:/usr/local/bin:/usr/sbin:/usr/bin:/sbin:/bin:/usr/games:/usr/local/games:/snap/bin'), ('SESSION_MANAGER', 'local/pop-os:@/tmp/.ICE-unix/2347,unix/pop-os:/tmp/.ICE-unix/2347'), ('XDG_MENU_PREFIX', 'gnome-'), ('GNOME_TERMINAL_SCREEN', '/org/gnome/Terminal/screen/e30f82c6_c19c_4c1c_ade6_bf7e5be0af9b'), ('XDG_RUNTIME_DIR', '/run/user/1000'), ('DISPLAY', ':1'), ('LANG', 'en_US.UTF-8'), ('XDG_CURRENT_DESKTOP', 'pop:GNOME'), ('RMW_IMPLEMENTATION', 'rmw_cyclonedds_cpp'), ('XMODIFIERS', '@im=ibus'), ('XDG_SESSION_DESKTOP', 'pop'), ('XAUTHORITY', '/run/user/1000/gdm/Xauthority'), ('GNOME_TERMINAL_SERVICE', ':1.110'), ('SSH_AGENT_LAUNCHER', 'gnome-keyring'), ('SSH_AUTH_SOCK', '/run/user/1000/keyring/ssh'), ('ROS_DOMAIN_ID', '34'), ('AMENT_PREFIX_PATH', '/opt/ros/humble'), ('SHELL', '/bin/bash'), ('QT_ACCESSIBILITY', '1'), ('CXX', '/usr/lib/ccache/g++'), ('GDMSESSION', 'pop'), ('GPG_AGENT_INFO', '/run/user/1000/gnupg/S.gpg-agent:0:1'), ('QT_IM_MODULE', 'ibus'), ('PWD', '/home/muhaliugur/gpsurus/build/gpspackage'), ('XDG_CONFIG_DIRS', '/etc/xdg/xdg-pop:/etc/xdg'), ('XDG_DATA_DIRS', '/usr/share/pop:/usr/share/gnome:/home/muhaliugur/.local/share/flatpak/exports/share:/var/lib/flatpak/exports/share:/usr/local/share/:/usr/share/'), ('PYTHONPATH', '/opt/ros/humble/lib/python3.10/site-packages:/opt/ros/humble/local/lib/python3.10/dist-packages'), ('CC', '/usr/lib/ccache/gcc'), ('COLCON', '1'), ('VTE_VERSION', '6800'), ('CMAKE_PREFIX_PATH', '/opt/ros/humble')]), 'shell': False}
[4.810540] (gpspackage) StdoutLine: {'line': b'-- Install configuration: ""\n'}
[4.810823] (gpspackage) StdoutLine: {'line': b'-- Installing: /home/muhaliugur/gpsurus/install/gpspackage/lib/gpspackage/pure_pursuit_node\n'}
[4.813210] (-) TimerEvent: {}
[4.813888] (gpspackage) StdoutLine: {'line': b'-- Set runtime path of "/home/muhaliugur/gpsurus/install/gpspackage/lib/gpspackage/pure_pursuit_node" to ""\n'}
[4.814062] (gpspackage) StdoutLine: {'line': b'-- Up-to-date: /home/muhaliugur/gpsurus/install/gpspackage/lib/gpspackage/teensy_comm_node\n'}
[4.814134] (gpspackage) StdoutLine: {'line': b'-- Up-to-date: /home/muhaliugur/gpsurus/install/gpspackage/share/gpspackage/launch\n'}
[4.814201] (gpspackage) StdoutLine: {'line': b'-- Up-to-date: /home/muhaliugur/gpsurus/install/gpspackage/share/gpspackage/launch/localization.launch.py\n'}
[4.814256] (gpspackage) StdoutLine: {'line': b'-- Up-to-date: /home/muhaliugur/gpsurus/install/gpspackage/share/gpspackage/config\n'}
[4.814453] (gpspackage) StdoutLine: {'line': b'-- Up-to-date: /home/muhaliugur/gpsurus/install/gpspackage/share/gpspackage/config/noktalarim.dbf\n'}
[4.814711] (gpspackage) StdoutLine: {'line': b'-- Up-to-date: /home/muhaliugur/gpsurus/install/gpspackage/share/gpspackage/config/noktalarim.prj\n'}
[4.814787] (gpspackage) StdoutLine: {'line': b'-- Up-to-date: /home/muhaliugur/gpsurus/install/gpspackage/share/gpspackage/config/rota.qmd\n'}
[4.814846] (gpspackage) StdoutLine: {'line': b'-- Up-to-date: /home/muhaliugur/gpsurus/install/gpspackage/share/gpspackage/config/rota2.shx\n'}
[4.814904] (gpspackage) StdoutLine: {'line': b'-- Up-to-date: /home/muhaliugur/gpsurus/install/gpspackage/share/gpspackage/config/rota2.shp\n'}
[4.814960] (gpspackage) StdoutLine: {'line': b'-- Up-to-date: /home/muhaliugur/gpsurus/install/gpspackage/share/gpspackage/config/rota2.prj\n'}
[4.815014] (gpspackage) StdoutLine: {'line': b'-- Up-to-date: /home/muhaliugur/gpsurus/install/gpspackage/share/gpspackage/config/ekf.yaml\n'}
[4.815072] (gpspackage) StdoutLine: {'line': b'-- Up-to-date: /home/muhaliugur/gpsurus/install/gpspackage/share/gpspackage/config/rota2.cpg\n'}
[4.815124] (gpspackage) StdoutLine: {'line': b'-- Up-to-date: /home/muhaliugur/gpsurus/install/gpspackage/share/gpspackage/config/noktalarim.shx\n'}
[4.815185] (gpspackage) StdoutLine: {'line': b'-- Up-to-date: /home/muhaliugur/gpsurus/install/gpspackage/share/gpspackage/config/rota2.dbf\n'}
[4.815244] (gpspackage) StdoutLine: {'line': b'-- Up-to-date: /home/muhaliugur/gpsurus/install/gpspackage/share/gpspackage/config/noktalarim.cpg\n'}
[4.815298] (gpspackage) StdoutLine: {'line': b'-- Up-to-date: /home/muhaliugur/gpsurus/install/gpspackage/share/gpspackage/config/noktalarim.shp\n'}
[4.815349] (gpspackage) StdoutLine: {'line': b'-- Up-to-date: /home/muhaliugur/gpsurus/install/gpspackage/share/gpspackage/config/rota.csv\n'}
[4.815402] (gpspackage) StdoutLine: {'line': b'-- Up-to-date: /home/muhaliugur/gpsurus/install/gpspackage/share/ament_index/resource_index/package_run_dependencies/gpspackage\n'}
[4.815456] (gpspackage) StdoutLine: {'line': b'-- Up-to-date: /home/muhaliugur/gpsurus/install/gpspackage/share/ament_index/resource_index/parent_prefix_path/gpspackage\n'}
[4.815509] (gpspackage) StdoutLine: {'line': b'-- Up-to-date: /home/muhaliugur/gpsurus/install/gpspackage/share/gpspackage/environment/ament_prefix_path.sh\n'}
[4.815561] (gpspackage) StdoutLine: {'line': b'-- Up-to-date: /home/muhaliugur/gpsurus/install/gpspackage/share/gpspackage/environment/ament_prefix_path.dsv\n'}
[4.815613] (gpspackage) StdoutLine: {'line': b'-- Up-to-date: /home/muhaliugur/gpsurus/install/gpspackage/share/gpspackage/environment/path.sh\n'}
[4.815721] (gpspackage) StdoutLine: {'line': b'-- Up-to-date: /home/muhaliugur/gpsurus/install/gpspackage/share/gpspackage/environment/path.dsv\n'}
[4.815773] (gpspackage) StdoutLine: {'line': b'-- Up-to-date: /home/muhaliugur/gpsurus/install/gpspackage/share/gpspackage/local_setup.bash\n'}
[4.815824] (gpspackage) StdoutLine: {'line': b'-- Up-to-date: /home/muhaliugur/gpsurus/install/gpspackage/share/gpspackage/local_setup.sh\n'}
[4.815873] (gpspackage) StdoutLine: {'line': b'-- Up-to-date: /home/muhaliugur/gpsurus/install/gpspackage/share/gpspackage/local_setup.zsh\n'}
[4.815924] (gpspackage) StdoutLine: {'line': b'-- Up-to-date: /home/muhaliugur/gpsurus/install/gpspackage/share/gpspackage/local_setup.dsv\n'}
[4.816048] (gpspackage) StdoutLine: {'line': b'-- Installing: /home/muhaliugur/gpsurus/install/gpspackage/share/gpspackage/package.dsv\n'}
[4.816141] (gpspackage) StdoutLine: {'line': b'-- Up-to-date: /home/muhaliugur/gpsurus/install/gpspackage/share/ament_index/resource_index/packages/gpspackage\n'}
[4.816203] (gpspackage) StdoutLine: {'line': b'-- Up-to-date: /home/muhaliugur/gpsurus/install/gpspackage/share/gpspackage/cmake/gpspackageConfig.cmake\n'}
[4.816443] (gpspackage) StdoutLine: {'line': b'-- Up-to-date: /home/muhaliugur/gpsurus/install/gpspackage/share/gpspackage/cmake/gpspackageConfig-version.cmake\n'}
[4.816552] (gpspackage) StdoutLine: {'line': b'-- Up-to-date: /home/muhaliugur/gpsurus/install/gpspackage/share/gpspackage/package.xml\n'}
[4.817399] (gpspackage) CommandEnded: {'returncode': 0}
[4.831737] (gpspackage) JobEnded: {'identifier': 'gpspackage', 'rc': 0}
[4.832105] (-) EventReactorShutdown: {}
