[0.000000] (-) TimerEvent: {}
[0.000155] (gpspackage) JobQueued: {'identifier': 'gpspackage', 'dependencies': OrderedDict()}
[0.000177] (gpspackage) JobStarted: {'identifier': 'gpspackage'}
[0.005522] (gpspackage) JobProgress: {'identifier': 'gpspackage', 'progress': 'cmake'}
[0.006090] (gpspackage) JobProgress: {'identifier': 'gpspackage', 'progress': 'build'}
[0.006784] (gpspackage) Command: {'cmd': ['/usr/bin/cmake', '--build', '/home/muhaliugur/gpsurus/build/gpspackage', '--', '-j32', '-l32'], 'cwd': '/home/muhaliugur/gpsurus/build/gpspackage', 'env': OrderedDict([('USER', 'muhaliugur'), ('CCACHE_DIR', '/home/muhaliugur/.ccache'), ('XDG_SESSION_TYPE', 'x11'), ('SHLVL', '1'), ('LD_LIBRARY_PATH', '/usr/local/cuda/lib64:/usr/local/cuda/lib64:/opt/ros/humble/opt/zmqpp_vendor/lib:/opt/ros/humble/opt/rviz_ogre_vendor/lib:/opt/ros/humble/lib/x86_64-linux-gnu:/opt/ros/humble/lib'), ('HOME', '/home/muhaliugur'), ('OLDPWD', '/home/muhaliugur'), ('DESKTOP_SESSION', 'pop'), ('ROS_PYTHON_VERSION', '3'), ('GNOME_SHELL_SESSION_MODE', 'pop'), ('GTK_MODULES', 'gail:atk-bridge'), ('CUDA_TOOLKIT_ROOT_DIR', '/usr/local/cuda'), ('SYSTEMD_EXEC_PID', '12029'), ('DBUS_SESSION_BUS_ADDRESS', 'unix:path=/run/user/1000/bus'), ('COLORTERM', 'truecolor'), ('ROS_DISTRO', 'humble'), ('GTK_IM_MODULE', 'ibus'), ('LOGNAME', 'muhaliugur'), ('_', '/usr/bin/colcon'), ('ROS_VERSION', '2'), ('XDG_SESSION_CLASS', 'user'), ('USERNAME', 'muhaliugur'), ('TERM', 'xterm-256color'), ('GNOME_DESKTOP_SESSION_ID', 'this-is-deprecated'), ('ROS_LOCALHOST_ONLY', '1'), ('WINDOWPATH', '2'), ('PATH', '/usr/local/cuda/bin:/home/muhaliugur/.local/bin:/usr/local/cuda/bin:/opt/ros/humble/bin:/usr/local/sbin:/usr/local/bin:/usr/sbin:/usr/bin:/sbin:/bin:/usr/games:/usr/local/games:/snap/bin'), ('SESSION_MANAGER', 'local/pop-os:@/tmp/.ICE-unix/2199,unix/pop-os:/tmp/.ICE-unix/2199'), ('XDG_MENU_PREFIX', 'gnome-'), ('GNOME_TERMINAL_SCREEN', '/org/gnome/Terminal/screen/71b6db8d_6b66_4ec4_a844_aafce6920afb'), ('XDG_RUNTIME_DIR', '/run/user/1000'), ('DISPLAY', ':1'), ('LANG', 'en_US.UTF-8'), ('XDG_CURRENT_DESKTOP', 'pop:GNOME'), ('RMW_IMPLEMENTATION', 'rmw_cyclonedds_cpp'), ('XMODIFIERS', '@im=ibus'), ('XDG_SESSION_DESKTOP', 'pop'), ('XAUTHORITY', '/run/user/1000/gdm/Xauthority'), ('GNOME_TERMINAL_SERVICE', ':1.152'), ('SSH_AGENT_LAUNCHER', 'gnome-keyring'), ('SSH_AUTH_SOCK', '/run/user/1000/keyring/ssh'), ('ROS_DOMAIN_ID', '34'), ('AMENT_PREFIX_PATH', '/opt/ros/humble'), ('SHELL', '/bin/bash'), ('QT_ACCESSIBILITY', '1'), ('CXX', '/usr/lib/ccache/g++'), ('GDMSESSION', 'pop'), ('GPG_AGENT_INFO', '/run/user/1000/gnupg/S.gpg-agent:0:1'), ('QT_IM_MODULE', 'ibus'), ('PWD', '/home/muhaliugur/gpsurus/build/gpspackage'), ('XDG_CONFIG_DIRS', '/etc/xdg/xdg-pop:/etc/xdg'), ('XDG_DATA_DIRS', '/usr/share/pop:/usr/share/gnome:/home/muhaliugur/.local/share/flatpak/exports/share:/var/lib/flatpak/exports/share:/usr/local/share/:/usr/share/'), ('PYTHONPATH', '/opt/ros/humble/lib/python3.10/site-packages:/opt/ros/humble/local/lib/python3.10/dist-packages'), ('CC', '/usr/lib/ccache/gcc'), ('COLCON', '1'), ('VTE_VERSION', '6800'), ('CMAKE_PREFIX_PATH', '/opt/ros/humble')]), 'shell': False}
[0.058337] (gpspackage) StdoutLine: {'line': b'[ 16%] \x1b[32mBuilding CXX object CMakeFiles/pure_pursuit_node.dir/src/pure_pursuit.cpp.o\x1b[0m\n'}
[0.058556] (gpspackage) StdoutLine: {'line': b'[ 50%] Built target teensy_comm_node\n'}
[0.058756] (gpspackage) StdoutLine: {'line': b'[ 83%] Built target waypoint_logger_node\n'}
[0.094485] (gpspackage) StdoutLine: {'line': b'[100%] \x1b[32m\x1b[1mLinking CXX executable pure_pursuit_node\x1b[0m\n'}
[0.099613] (-) TimerEvent: {}
[0.199846] (-) TimerEvent: {}
[0.300147] (-) TimerEvent: {}
[0.400418] (-) TimerEvent: {}
[0.484235] (gpspackage) StdoutLine: {'line': b'[100%] Built target pure_pursuit_node\n'}
[0.494028] (gpspackage) CommandEnded: {'returncode': 0}
[0.494829] (gpspackage) JobProgress: {'identifier': 'gpspackage', 'progress': 'install'}
[0.500800] (gpspackage) Command: {'cmd': ['/usr/bin/cmake', '--install', '/home/muhaliugur/gpsurus/build/gpspackage'], 'cwd': '/home/muhaliugur/gpsurus/build/gpspackage', 'env': OrderedDict([('USER', 'muhaliugur'), ('CCACHE_DIR', '/home/muhaliugur/.ccache'), ('XDG_SESSION_TYPE', 'x11'), ('SHLVL', '1'), ('LD_LIBRARY_PATH', '/usr/local/cuda/lib64:/usr/local/cuda/lib64:/opt/ros/humble/opt/zmqpp_vendor/lib:/opt/ros/humble/opt/rviz_ogre_vendor/lib:/opt/ros/humble/lib/x86_64-linux-gnu:/opt/ros/humble/lib'), ('HOME', '/home/muhaliugur'), ('OLDPWD', '/home/muhaliugur'), ('DESKTOP_SESSION', 'pop'), ('ROS_PYTHON_VERSION', '3'), ('GNOME_SHELL_SESSION_MODE', 'pop'), ('GTK_MODULES', 'gail:atk-bridge'), ('CUDA_TOOLKIT_ROOT_DIR', '/usr/local/cuda'), ('SYSTEMD_EXEC_PID', '12029'), ('DBUS_SESSION_BUS_ADDRESS', 'unix:path=/run/user/1000/bus'), ('COLORTERM', 'truecolor'), ('ROS_DISTRO', 'humble'), ('GTK_IM_MODULE', 'ibus'), ('LOGNAME', 'muhaliugur'), ('_', '/usr/bin/colcon'), ('ROS_VERSION', '2'), ('XDG_SESSION_CLASS', 'user'), ('USERNAME', 'muhaliugur'), ('TERM', 'xterm-256color'), ('GNOME_DESKTOP_SESSION_ID', 'this-is-deprecated'), ('ROS_LOCALHOST_ONLY', '1'), ('WINDOWPATH', '2'), ('PATH', '/usr/local/cuda/bin:/home/muhaliugur/.local/bin:/usr/local/cuda/bin:/opt/ros/humble/bin:/usr/local/sbin:/usr/local/bin:/usr/sbin:/usr/bin:/sbin:/bin:/usr/games:/usr/local/games:/snap/bin'), ('SESSION_MANAGER', 'local/pop-os:@/tmp/.ICE-unix/2199,unix/pop-os:/tmp/.ICE-unix/2199'), ('XDG_MENU_PREFIX', 'gnome-'), ('GNOME_TERMINAL_SCREEN', '/org/gnome/Terminal/screen/71b6db8d_6b66_4ec4_a844_aafce6920afb'), ('XDG_RUNTIME_DIR', '/run/user/1000'), ('DISPLAY', ':1'), ('LANG', 'en_US.UTF-8'), ('XDG_CURRENT_DESKTOP', 'pop:GNOME'), ('RMW_IMPLEMENTATION', 'rmw_cyclonedds_cpp'), ('XMODIFIERS', '@im=ibus'), ('XDG_SESSION_DESKTOP', 'pop'), ('XAUTHORITY', '/run/user/1000/gdm/Xauthority'), ('GNOME_TERMINAL_SERVICE', ':1.152'), ('SSH_AGENT_LAUNCHER', 'gnome-keyring'), ('SSH_AUTH_SOCK', '/run/user/1000/keyring/ssh'), ('ROS_DOMAIN_ID', '34'), ('AMENT_PREFIX_PATH', '/opt/ros/humble'), ('SHELL', '/bin/bash'), ('QT_ACCESSIBILITY', '1'), ('CXX', '/usr/lib/ccache/g++'), ('GDMSESSION', 'pop'), ('GPG_AGENT_INFO', '/run/user/1000/gnupg/S.gpg-agent:0:1'), ('QT_IM_MODULE', 'ibus'), ('PWD', '/home/muhaliugur/gpsurus/build/gpspackage'), ('XDG_CONFIG_DIRS', '/etc/xdg/xdg-pop:/etc/xdg'), ('XDG_DATA_DIRS', '/usr/share/pop:/usr/share/gnome:/home/muhaliugur/.local/share/flatpak/exports/share:/var/lib/flatpak/exports/share:/usr/local/share/:/usr/share/'), ('PYTHONPATH', '/opt/ros/humble/lib/python3.10/site-packages:/opt/ros/humble/local/lib/python3.10/dist-packages'), ('CC', '/usr/lib/ccache/gcc'), ('COLCON', '1'), ('VTE_VERSION', '6800'), ('CMAKE_PREFIX_PATH', '/opt/ros/humble')]), 'shell': False}
[0.501039] (-) TimerEvent: {}
[0.507347] (gpspackage) StdoutLine: {'line': b'-- Install configuration: ""\n'}
[0.507523] (gpspackage) StdoutLine: {'line': b'-- Installing: /home/muhaliugur/gpsurus/install/gpspackage/lib/gpspackage/pure_pursuit_node\n'}
[0.511356] (gpspackage) StdoutLine: {'line': b'-- Set runtime path of "/home/muhaliugur/gpsurus/install/gpspackage/lib/gpspackage/pure_pursuit_node" to ""\n'}
[0.511471] (gpspackage) StdoutLine: {'line': b'-- Up-to-date: /home/muhaliugur/gpsurus/install/gpspackage/lib/gpspackage/teensy_comm_node\n'}
[0.511728] (gpspackage) StdoutLine: {'line': b'-- Up-to-date: /home/muhaliugur/gpsurus/install/gpspackage/lib/gpspackage/waypoint_logger_node\n'}
[0.511873] (gpspackage) StdoutLine: {'line': b'-- Up-to-date: /home/muhaliugur/gpsurus/install/gpspackage/share/gpspackage/launch\n'}
[0.511927] (gpspackage) StdoutLine: {'line': b'-- Up-to-date: /home/muhaliugur/gpsurus/install/gpspackage/share/gpspackage/launch/localization.launch.py\n'}
[0.511972] (gpspackage) StdoutLine: {'line': b'-- Up-to-date: /home/muhaliugur/gpsurus/install/gpspackage/share/gpspackage/config\n'}
[0.512015] (gpspackage) StdoutLine: {'line': b'-- Up-to-date: /home/muhaliugur/gpsurus/install/gpspackage/share/gpspackage/config/noktalarim.dbf\n'}
[0.512058] (gpspackage) StdoutLine: {'line': b'-- Up-to-date: /home/muhaliugur/gpsurus/install/gpspackage/share/gpspackage/config/deneme.shx\n'}
[0.512300] (gpspackage) StdoutLine: {'line': b'-- Up-to-date: /home/muhaliugur/gpsurus/install/gpspackage/share/gpspackage/config/noktalarim.prj\n'}
[0.512415] (gpspackage) StdoutLine: {'line': b'-- Up-to-date: /home/muhaliugur/gpsurus/install/gpspackage/share/gpspackage/config/rota.qmd\n'}
[0.512467] (gpspackage) StdoutLine: {'line': b'-- Up-to-date: /home/muhaliugur/gpsurus/install/gpspackage/share/gpspackage/config/deneme.prj\n'}
[0.512514] (gpspackage) StdoutLine: {'line': b'-- Up-to-date: /home/muhaliugur/gpsurus/install/gpspackage/share/gpspackage/config/rota2.shx\n'}
[0.512559] (gpspackage) StdoutLine: {'line': b'-- Up-to-date: /home/muhaliugur/gpsurus/install/gpspackage/share/gpspackage/config/waypoints_gps.csv\n'}
[0.512602] (gpspackage) StdoutLine: {'line': b'-- Up-to-date: /home/muhaliugur/gpsurus/install/gpspackage/share/gpspackage/config/rota2.shp\n'}
[0.512647] (gpspackage) StdoutLine: {'line': b'-- Up-to-date: /home/muhaliugur/gpsurus/install/gpspackage/share/gpspackage/config/rota2.prj\n'}
[0.512690] (gpspackage) StdoutLine: {'line': b'-- Up-to-date: /home/muhaliugur/gpsurus/install/gpspackage/share/gpspackage/config/ekf.yaml\n'}
[0.512737] (gpspackage) StdoutLine: {'line': b'-- Up-to-date: /home/muhaliugur/gpsurus/install/gpspackage/share/gpspackage/config/deneme.shp\n'}
[0.512782] (gpspackage) StdoutLine: {'line': b'-- Up-to-date: /home/muhaliugur/gpsurus/install/gpspackage/share/gpspackage/config/rota2.cpg\n'}
[0.512824] (gpspackage) StdoutLine: {'line': b'-- Up-to-date: /home/muhaliugur/gpsurus/install/gpspackage/share/gpspackage/config/deneme.cpg\n'}
[0.512866] (gpspackage) StdoutLine: {'line': b'-- Up-to-date: /home/muhaliugur/gpsurus/install/gpspackage/share/gpspackage/config/deneme.dbf\n'}
[0.512906] (gpspackage) StdoutLine: {'line': b'-- Up-to-date: /home/muhaliugur/gpsurus/install/gpspackage/share/gpspackage/config/noktalarim.shx\n'}
[0.512946] (gpspackage) StdoutLine: {'line': b'-- Up-to-date: /home/muhaliugur/gpsurus/install/gpspackage/share/gpspackage/config/waypoint_recorder.py\n'}
[0.512987] (gpspackage) StdoutLine: {'line': b'-- Up-to-date: /home/muhaliugur/gpsurus/install/gpspackage/share/gpspackage/config/rota2.dbf\n'}
[0.513026] (gpspackage) StdoutLine: {'line': b'-- Up-to-date: /home/muhaliugur/gpsurus/install/gpspackage/share/gpspackage/config/noktalarim.cpg\n'}
[0.513066] (gpspackage) StdoutLine: {'line': b'-- Up-to-date: /home/muhaliugur/gpsurus/install/gpspackage/share/gpspackage/config/rota.csvt\n'}
[0.513131] (gpspackage) StdoutLine: {'line': b'-- Up-to-date: /home/muhaliugur/gpsurus/install/gpspackage/share/gpspackage/config/kendi_rotam.csv\n'}
[0.513170] (gpspackage) StdoutLine: {'line': b'-- Up-to-date: /home/muhaliugur/gpsurus/install/gpspackage/share/gpspackage/config/rota.prj\n'}
[0.513207] (gpspackage) StdoutLine: {'line': b'-- Up-to-date: /home/muhaliugur/gpsurus/install/gpspackage/share/gpspackage/config/noktalarim.shp\n'}
[0.513246] (gpspackage) StdoutLine: {'line': b'-- Up-to-date: /home/muhaliugur/gpsurus/install/gpspackage/share/gpspackage/config/rota.csv\n'}
[0.513282] (gpspackage) StdoutLine: {'line': b'-- Up-to-date: /home/muhaliugur/gpsurus/install/gpspackage/share/ament_index/resource_index/package_run_dependencies/gpspackage\n'}
[0.513323] (gpspackage) StdoutLine: {'line': b'-- Up-to-date: /home/muhaliugur/gpsurus/install/gpspackage/share/ament_index/resource_index/parent_prefix_path/gpspackage\n'}
[0.513364] (gpspackage) StdoutLine: {'line': b'-- Up-to-date: /home/muhaliugur/gpsurus/install/gpspackage/share/gpspackage/environment/ament_prefix_path.sh\n'}
[0.513402] (gpspackage) StdoutLine: {'line': b'-- Up-to-date: /home/muhaliugur/gpsurus/install/gpspackage/share/gpspackage/environment/ament_prefix_path.dsv\n'}
[0.513471] (gpspackage) StdoutLine: {'line': b'-- Up-to-date: /home/muhaliugur/gpsurus/install/gpspackage/share/gpspackage/environment/path.sh\n'}
[0.513512] (gpspackage) StdoutLine: {'line': b'-- Up-to-date: /home/muhaliugur/gpsurus/install/gpspackage/share/gpspackage/environment/path.dsv\n'}
[0.513553] (gpspackage) StdoutLine: {'line': b'-- Up-to-date: /home/muhaliugur/gpsurus/install/gpspackage/share/gpspackage/local_setup.bash\n'}
[0.513593] (gpspackage) StdoutLine: {'line': b'-- Up-to-date: /home/muhaliugur/gpsurus/install/gpspackage/share/gpspackage/local_setup.sh\n'}
[0.513632] (gpspackage) StdoutLine: {'line': b'-- Up-to-date: /home/muhaliugur/gpsurus/install/gpspackage/share/gpspackage/local_setup.zsh\n'}
[0.513671] (gpspackage) StdoutLine: {'line': b'-- Up-to-date: /home/muhaliugur/gpsurus/install/gpspackage/share/gpspackage/local_setup.dsv\n'}
[0.513773] (gpspackage) StdoutLine: {'line': b'-- Installing: /home/muhaliugur/gpsurus/install/gpspackage/share/gpspackage/package.dsv\n'}
[0.513815] (gpspackage) StdoutLine: {'line': b'-- Up-to-date: /home/muhaliugur/gpsurus/install/gpspackage/share/ament_index/resource_index/packages/gpspackage\n'}
[0.513855] (gpspackage) StdoutLine: {'line': b'-- Up-to-date: /home/muhaliugur/gpsurus/install/gpspackage/share/gpspackage/cmake/gpspackageConfig.cmake\n'}
[0.513893] (gpspackage) StdoutLine: {'line': b'-- Up-to-date: /home/muhaliugur/gpsurus/install/gpspackage/share/gpspackage/cmake/gpspackageConfig-version.cmake\n'}
[0.513933] (gpspackage) StdoutLine: {'line': b'-- Up-to-date: /home/muhaliugur/gpsurus/install/gpspackage/share/gpspackage/package.xml\n'}
[0.514597] (gpspackage) CommandEnded: {'returncode': 0}
[0.532215] (gpspackage) JobEnded: {'identifier': 'gpspackage', 'rc': 0}
[0.532759] (-) EventReactorShutdown: {}
