[0.008s] Invoking command in '/home/muhaliugur/gpsurus/build/gpspackage': CMAKE_PREFIX_PATH=${CMAKE_PREFIX_PATH}:/opt/ros/humble /usr/bin/cmake --build /home/muhaliugur/gpsurus/build/gpspackage -- -j32 -l32
[0.050s] [35m[1mConsolidate compiler generated dependencies of target pure_pursuit_node[0m
[0.059s] [ 33%] Built target teensy_comm_node
[0.062s] [ 66%] Built target gps_node
[0.066s] [100%] Built target pure_pursuit_node
[0.077s] Invoked command in '/home/muhaliugur/gpsurus/build/gpspackage' returned '0': CMAKE_PREFIX_PATH=${CMAKE_PREFIX_PATH}:/opt/ros/humble /usr/bin/cmake --build /home/muhaliugur/gpsurus/build/gpspackage -- -j32 -l32
[0.089s] Invoking command in '/home/muhaliugur/gpsurus/build/gpspackage': CMAKE_PREFIX_PATH=${CMAKE_PREFIX_PATH}:/opt/ros/humble /usr/bin/cmake --install /home/muhaliugur/gpsurus/build/gpspackage
[0.097s] -- Install configuration: ""
[0.098s] -- Up-to-date: /home/muhaliugur/gpsurus/install/gpspackage/lib/gpspackage/gps_node
[0.098s] -- Up-to-date: /home/muhaliugur/gpsurus/install/gpspackage/lib/gpspackage/pure_pursuit_node
[0.098s] -- Up-to-date: /home/muhaliugur/gpsurus/install/gpspackage/lib/gpspackage/teensy_comm_node
[0.098s] -- Up-to-date: /home/muhaliugur/gpsurus/install/gpspackage/share/gpspackage/launch
[0.098s] -- Up-to-date: /home/muhaliugur/gpsurus/install/gpspackage/share/gpspackage/launch/localization.launch.py
[0.098s] -- Up-to-date: /home/muhaliugur/gpsurus/install/gpspackage/share/gpspackage/config
[0.098s] -- Up-to-date: /home/muhaliugur/gpsurus/install/gpspackage/share/gpspackage/config/noktalarim.dbf
[0.099s] -- Up-to-date: /home/muhaliugur/gpsurus/install/gpspackage/share/gpspackage/config/noktalarim.prj
[0.099s] -- Up-to-date: /home/muhaliugur/gpsurus/install/gpspackage/share/gpspackage/config/rota.qmd
[0.099s] -- Up-to-date: /home/muhaliugur/gpsurus/install/gpspackage/share/gpspackage/config/ekf.yaml
[0.099s] -- Up-to-date: /home/muhaliugur/gpsurus/install/gpspackage/share/gpspackage/config/noktalarim.shx
[0.099s] -- Up-to-date: /home/muhaliugur/gpsurus/install/gpspackage/share/gpspackage/config/noktalarim.cpg
[0.099s] -- Up-to-date: /home/muhaliugur/gpsurus/install/gpspackage/share/gpspackage/config/noktalarim.shp
[0.099s] -- Up-to-date: /home/muhaliugur/gpsurus/install/gpspackage/share/gpspackage/config/rota.csv
[0.100s] -- Up-to-date: /home/muhaliugur/gpsurus/install/gpspackage/share/ament_index/resource_index/package_run_dependencies/gpspackage
[0.100s] -- Up-to-date: /home/muhaliugur/gpsurus/install/gpspackage/share/ament_index/resource_index/parent_prefix_path/gpspackage
[0.100s] -- Up-to-date: /home/muhaliugur/gpsurus/install/gpspackage/share/gpspackage/environment/ament_prefix_path.sh
[0.100s] -- Up-to-date: /home/muhaliugur/gpsurus/install/gpspackage/share/gpspackage/environment/ament_prefix_path.dsv
[0.100s] -- Up-to-date: /home/muhaliugur/gpsurus/install/gpspackage/share/gpspackage/environment/path.sh
[0.100s] -- Up-to-date: /home/muhaliugur/gpsurus/install/gpspackage/share/gpspackage/environment/path.dsv
[0.100s] -- Up-to-date: /home/muhaliugur/gpsurus/install/gpspackage/share/gpspackage/local_setup.bash
[0.100s] -- Up-to-date: /home/muhaliugur/gpsurus/install/gpspackage/share/gpspackage/local_setup.sh
[0.100s] -- Up-to-date: /home/muhaliugur/gpsurus/install/gpspackage/share/gpspackage/local_setup.zsh
[0.100s] -- Up-to-date: /home/muhaliugur/gpsurus/install/gpspackage/share/gpspackage/local_setup.dsv
[0.100s] -- Installing: /home/muhaliugur/gpsurus/install/gpspackage/share/gpspackage/package.dsv
[0.100s] -- Up-to-date: /home/muhaliugur/gpsurus/install/gpspackage/share/ament_index/resource_index/packages/gpspackage
[0.100s] -- Up-to-date: /home/muhaliugur/gpsurus/install/gpspackage/share/gpspackage/cmake/gpspackageConfig.cmake
[0.101s] -- Up-to-date: /home/muhaliugur/gpsurus/install/gpspackage/share/gpspackage/cmake/gpspackageConfig-version.cmake
[0.101s] -- Up-to-date: /home/muhaliugur/gpsurus/install/gpspackage/share/gpspackage/package.xml
[0.102s] Invoked command in '/home/muhaliugur/gpsurus/build/gpspackage' returned '0': CMAKE_PREFIX_PATH=${CMAKE_PREFIX_PATH}:/opt/ros/humble /usr/bin/cmake --install /home/muhaliugur/gpsurus/build/gpspackage
